Archive member included because of file (symbol)

c:/altera/12.1sp1/nios2eds/bin/gnu/h-i686-mingw32/bin/../lib/gcc/nios2-elf/4.1.2/../../../../nios2-elf/lib/mno-hw-mul\libm.a(lib_a-s_fmax.o)
                              obj/default/lib/LSM303.o (fmax)
c:/altera/12.1sp1/nios2eds/bin/gnu/h-i686-mingw32/bin/../lib/gcc/nios2-elf/4.1.2/../../../../nios2-elf/lib/mno-hw-mul\libm.a(lib_a-s_fmin.o)
                              obj/default/lib/LSM303.o (fmin)
c:/altera/12.1sp1/nios2eds/bin/gnu/h-i686-mingw32/bin/../lib/gcc/nios2-elf/4.1.2/../../../../nios2-elf/lib/mno-hw-mul\libm.a(lib_a-s_fpclassify.o)
                              c:/altera/12.1sp1/nios2eds/bin/gnu/h-i686-mingw32/bin/../lib/gcc/nios2-elf/4.1.2/../../../../nios2-elf/lib/mno-hw-mul\libm.a(lib_a-s_fmax.o) (__fpclassifyd)
c:/altera/12.1sp1/nios2eds/bin/gnu/h-i686-mingw32/bin/../lib/gcc/nios2-elf/4.1.2/../../../../nios2-elf/lib/mno-hw-mul\libm.a(lib_a-s_round.o)
                              obj/default/lib/LSM303.o (round)
c:/altera/12.1sp1/nios2eds/bin/gnu/h-i686-mingw32/bin/../lib/gcc/nios2-elf/4.1.2/../../../../nios2-elf/lib/mno-hw-mul\libm.a(lib_a-w_atan2.o)
                              obj/default/lib/LSM303.o (atan2)
c:/altera/12.1sp1/nios2eds/bin/gnu/h-i686-mingw32/bin/../lib/gcc/nios2-elf/4.1.2/../../../../nios2-elf/lib/mno-hw-mul\libm.a(lib_a-w_sqrt.o)
                              obj/default/lib/LSM303.o (sqrt)
c:/altera/12.1sp1/nios2eds/bin/gnu/h-i686-mingw32/bin/../lib/gcc/nios2-elf/4.1.2/../../../../nios2-elf/lib/mno-hw-mul\libm.a(lib_a-e_atan2.o)
                              c:/altera/12.1sp1/nios2eds/bin/gnu/h-i686-mingw32/bin/../lib/gcc/nios2-elf/4.1.2/../../../../nios2-elf/lib/mno-hw-mul\libm.a(lib_a-w_atan2.o) (__ieee754_atan2)
c:/altera/12.1sp1/nios2eds/bin/gnu/h-i686-mingw32/bin/../lib/gcc/nios2-elf/4.1.2/../../../../nios2-elf/lib/mno-hw-mul\libm.a(lib_a-e_sqrt.o)
                              c:/altera/12.1sp1/nios2eds/bin/gnu/h-i686-mingw32/bin/../lib/gcc/nios2-elf/4.1.2/../../../../nios2-elf/lib/mno-hw-mul\libm.a(lib_a-w_sqrt.o) (__ieee754_sqrt)
c:/altera/12.1sp1/nios2eds/bin/gnu/h-i686-mingw32/bin/../lib/gcc/nios2-elf/4.1.2/../../../../nios2-elf/lib/mno-hw-mul\libm.a(lib_a-s_atan.o)
                              c:/altera/12.1sp1/nios2eds/bin/gnu/h-i686-mingw32/bin/../lib/gcc/nios2-elf/4.1.2/../../../../nios2-elf/lib/mno-hw-mul\libm.a(lib_a-e_atan2.o) (atan)
c:/altera/12.1sp1/nios2eds/bin/gnu/h-i686-mingw32/bin/../lib/gcc/nios2-elf/4.1.2/../../../../nios2-elf/lib/mno-hw-mul\libm.a(lib_a-s_fabs.o)
                              c:/altera/12.1sp1/nios2eds/bin/gnu/h-i686-mingw32/bin/../lib/gcc/nios2-elf/4.1.2/../../../../nios2-elf/lib/mno-hw-mul\libm.a(lib_a-e_atan2.o) (fabs)
c:/altera/12.1sp1/nios2eds/bin/gnu/h-i686-mingw32/bin/../lib/gcc/nios2-elf/4.1.2/../../../../nios2-elf/lib/mno-hw-mul\libm.a(lib_a-s_isnand.o)
                              c:/altera/12.1sp1/nios2eds/bin/gnu/h-i686-mingw32/bin/../lib/gcc/nios2-elf/4.1.2/../../../../nios2-elf/lib/mno-hw-mul\libm.a(lib_a-w_sqrt.o) (__isnand)
c:/altera/12.1sp1/nios2eds/bin/gnu/h-i686-mingw32/bin/../lib/gcc/nios2-elf/4.1.2/../../../../nios2-elf/lib/mno-hw-mul\libm.a(lib_a-s_lib_ver.o)
                              c:/altera/12.1sp1/nios2eds/bin/gnu/h-i686-mingw32/bin/../lib/gcc/nios2-elf/4.1.2/../../../../nios2-elf/lib/mno-hw-mul\libm.a(lib_a-w_sqrt.o) (__fdlib_version)
c:/altera/12.1sp1/nios2eds/bin/gnu/h-i686-mingw32/bin/../lib/gcc/nios2-elf/4.1.2/../../../../nios2-elf/lib/mno-hw-mul\libm.a(lib_a-s_matherr.o)
                              c:/altera/12.1sp1/nios2eds/bin/gnu/h-i686-mingw32/bin/../lib/gcc/nios2-elf/4.1.2/../../../../nios2-elf/lib/mno-hw-mul\libm.a(lib_a-w_sqrt.o) (matherr)
c:/altera/12.1sp1/nios2eds/bin/gnu/h-i686-mingw32/bin/../lib/gcc/nios2-elf/4.1.2/mno-hw-mul\libgcc.a(_addsub_sf.o)
                              obj/default/lib/LSM303.o (__subsf3)
c:/altera/12.1sp1/nios2eds/bin/gnu/h-i686-mingw32/bin/../lib/gcc/nios2-elf/4.1.2/mno-hw-mul\libgcc.a(_mul_sf.o)
                              obj/default/lib/LSM303.o (__mulsf3)
c:/altera/12.1sp1/nios2eds/bin/gnu/h-i686-mingw32/bin/../lib/gcc/nios2-elf/4.1.2/mno-hw-mul\libgcc.a(_div_sf.o)
                              obj/default/lib/LSM303.o (__divsf3)
c:/altera/12.1sp1/nios2eds/bin/gnu/h-i686-mingw32/bin/../lib/gcc/nios2-elf/4.1.2/mno-hw-mul\libgcc.a(_gt_sf.o)
                              obj/default/nav.o (__gtsf2)
c:/altera/12.1sp1/nios2eds/bin/gnu/h-i686-mingw32/bin/../lib/gcc/nios2-elf/4.1.2/mno-hw-mul\libgcc.a(_sf_to_si.o)
                              obj/default/lib/LSM303.o (__fixsfsi)
c:/altera/12.1sp1/nios2eds/bin/gnu/h-i686-mingw32/bin/../lib/gcc/nios2-elf/4.1.2/mno-hw-mul\libgcc.a(_sf_to_df.o)
                              obj/default/lib/LSM303.o (__extendsfdf2)
c:/altera/12.1sp1/nios2eds/bin/gnu/h-i686-mingw32/bin/../lib/gcc/nios2-elf/4.1.2/mno-hw-mul\libgcc.a(_thenan_sf.o)
[...]
Memory Configuration

Name             Origin             Length             Attributes
reset            0x00001800         0x00000020
epcs             0x00001820         0x000007e0
sdram_BEFORE_EXCEPTION 0x04000000         0x00000020
sdram            0x04000020         0x01ffffe0
*default*        0x00000000         0xffffffff

Linker script and memory map

LOAD ../ROVER_bsp//obj/HAL/src/crt0.o
LOAD obj/default/lib/I2C.o
LOAD obj/default/lib/LSM303.o
LOAD obj/default/lib/accelerometer_adxl345_spi.o
LOAD obj/default/lib/adc_spi_read.o
LOAD obj/default/lib/flash.o
LOAD obj/default/lib/motors.o
LOAD obj/default/lib/terasic_spi.o
LOAD obj/default/main.o
LOAD obj/default/map.o
LOAD obj/default/nav.o
LOAD c:/altera/12.1sp1/nios2eds/bin/gnu/h-i686-mingw32/bin/../lib/gcc/nios2-elf/4.1.2/../../../../nios2-elf/lib/mno-hw-mul\libstdc++.a
LOAD c:/altera/12.1sp1/nios2eds/bin/gnu/h-i686-mingw32/bin/../lib/gcc/nios2-elf/4.1.2/../../../../nios2-elf/lib/mno-hw-mul\libm.a
LOAD c:/altera/12.1sp1/nios2eds/bin/gnu/h-i686-mingw32/bin/../lib/gcc/nios2-elf/4.1.2/mno-hw-mul\libgcc.a
START GROUP
LOAD c:/altera/12.1sp1/nios2eds/bin/gnu/h-i686-mingw32/bin/../lib/gcc/nios2-elf/4.1.2/../../../../nios2-elf/lib/mno-hw-mul\libc.a
LOAD c:/altera/12.1sp1/nios2eds/bin/gnu/h-i686-mingw32/bin/../lib/gcc/nios2-elf/4.1.2/mno-hw-mul\libgcc.a
LOAD ../ROVER_bsp/\libucosii_bsp.a
END GROUP
LOAD c:/altera/12.1sp1/nios2eds/bin/gnu/h-i686-mingw32/bin/../lib/gcc/nios2-elf/4.1.2/mno-hw-mul\libgcc.a
                0x00001800                __alt_mem_epcs = 0x1800
                0x04000000                __alt_mem_sdram = 0x4000000

.entry          0x00001800        0x0
 *(.entry)
 .entry         0x00001800        0x0 ../ROVER_bsp//obj/HAL/src/crt0.o
                0x00001800                __reset

.exceptions     0x04000020      0x19c
                0x04000020                PROVIDE (__ram_exceptions_start, ABSOLUTE (.))
                0x04000020                . = ALIGN (0x20)
 *(.irq)
 *(.exceptions.entry.label)
 .exceptions.entry.label
                0x04000020        0x0 ../ROVER_bsp/\libucosii_bsp.a(alt_irq_entry.o)
                0x04000020                alt_irq_entry
 .exceptions.entry.label
                0x04000020        0x0 ../ROVER_bsp/\libucosii_bsp.a(alt_exception_entry.o)
                0x04000020                alt_exception
 *(.exceptions.entry.user)
 *(.exceptions.entry)
 .exceptions.entry
                0x04000020       0x54 ../ROVER_bsp/\libucosii_bsp.a(alt_exception_entry.o)
 *(.exceptions.irqtest.user)
 *(.exceptions.irqtest)
 .exceptions.irqtest
                0x04000074       0x10 ../ROVER_bsp/\libucosii_bsp.a(alt_irq_entry.o)
 *(.exceptions.irqhandler.user)
 *(.exceptions.irqhandler)
 .exceptions.irqhandler
                0x04000084        0x4 ../ROVER_bsp/\libucosii_bsp.a(alt_irq_entry.o)
 *(.exceptions.irqreturn.user)
 *(.exceptions.irqreturn)
 .exceptions.irqreturn
                0x04000088        0x4 ../ROVER_bsp/\libucosii_bsp.a(alt_irq_entry.o)
 *(.exceptions.notirq.label)
 .exceptions.notirq.label
                0x0400008c        0x0 ../ROVER_bsp/\libucosii_bsp.a(alt_irq_entry.o)
 *(.exceptions.notirq.user)
 *(.exceptions.notirq)
 .exceptions.notirq
                0x0400008c        0x8 ../ROVER_bsp/\libucosii_bsp.a(alt_exception_entry.o)
 *(.exceptions.soft.user)
 *(.exceptions.soft)
 *(.exceptions.unknown.user)
 *(.exceptions.unknown)
 .exceptions.unknown
                0x04000094        0x4 ../ROVER_bsp/\libucosii_bsp.a(alt_exception_entry.o)
 *(.exceptions.exit.label)
 .exceptions.exit.label
                0x04000098        0x0 ../ROVER_bsp/\libucosii_bsp.a(alt_irq_entry.o)
 .exceptions.exit.label
                0x04000098        0x0 ../ROVER_bsp/\libucosii_bsp.a(alt_exception_entry.o)
 *(.exceptions.exit.user)
 *(.exceptions.exit)
 .exceptions.exit
                0x04000098       0x54 ../ROVER_bsp/\libucosii_bsp.a(alt_exception_entry.o)
 *(.exceptions)
 .exceptions    0x040000ec       0xd0 ../ROVER_bsp/\libucosii_bsp.a(alt_irq_handler.o)
                0x040000ec                alt_irq_handler
                0x040001bc                PROVIDE (__ram_exceptions_end, ABSOLUTE (.))
                0x04000020                PROVIDE (__flash_exceptions_start, LOADADDR (.exceptions))

.text           0x040001bc    0x23a5c
                0x040001bc                PROVIDE (stext, ABSOLUTE (.))
 *(.interp)
 *(.hash)
 *(.dynsym)
 *(.dynstr)
 *(.gnu.version)
 *(.gnu.version_d)
 *(.gnu.version_r)
 *(.rel.init)
 *(.rela.init)
 *(.rel.text .rel.text.* .rel.gnu.linkonce.t.*)
 *(.rela.text .rela.text.* .rela.gnu.linkonce.t.*)
 *(.rel.fini)
 *(.rela.fini)
 *(.rel.rodata .rel.rodata.* .rel.gnu.linkonce.r.*)
 *(.rela.rodata .rela.rodata.* .rela.gnu.linkonce.r.*)
 *(.rel.data .rel.data.* .rel.gnu.linkonce.d.*)
 *(.rela.data .rela.data.* .rela.gnu.linkonce.d.*)
 *(.rel.tdata .rel.tdata.* .rel.gnu.linkonce.td.*)
 *(.rela.tdata .rela.tdata.* .rela.gnu.linkonce.td.*)
 *(.rel.tbss .rel.tbss.* .rel.gnu.linkonce.tb.*)
 *(.rela.tbss .rela.tbss.* .rela.gnu.linkonce.tb.*)
 *(.rel.ctors)
 *(.rela.ctors)
 *(.rel.dtors)
 *(.rela.dtors)
 *(.rel.got)
 *(.rela.got)
 *(.rel.sdata .rel.sdata.* .rel.gnu.linkonce.s.*)
 *(.rela.sdata .rela.sdata.* .rela.gnu.linkonce.s.*)
 *(.rel.sbss .rel.sbss.* .rel.gnu.linkonce.sb.*)
 *(.rela.sbss .rela.sbss.* .rela.gnu.linkonce.sb.*)
 *(.rel.sdata2 .rel.sdata2.* .rel.gnu.linkonce.s2.*)
 *(.rela.sdata2 .rela.sdata2.* .rela.gnu.linkonce.s2.*)
 *(.rel.sbss2 .rel.sbss2.* .rel.gnu.linkonce.sb2.*)
 *(.rela.sbss2 .rela.sbss2.* .rela.gnu.linkonce.sb2.*)
 *(.rel.bss .rel.bss.* .rel.gnu.linkonce.b.*)
 *(.rela.bss .rela.bss.* .rela.gnu.linkonce.b.*)
 *(.rel.plt)
 *(.rela.plt)
 *(.rel.dyn)
 *(.init)
 *(.plt)
 *(.text .stub .text.* .gnu.linkonce.t.*)
 .text          0x040001bc       0x38 ../ROVER_bsp//obj/HAL/src/crt0.o
                0x040001bc                _start
 .text          0x040001f4      0x9d8 obj/default/lib/I2C.o
                0x040001f4                I2C_Write
                0x040002f0                I2C_Read
                0x040003f4                I2C_MultipleWrite
                0x04000504                I2C_MultipleRead
                0x04000660                i2c_start
                0x040006e8                i2c_stop
                0x04000760                i2c_write
                0x04000884                i2c_read
                0x040009d0                i2c_data_verify
                0x04000b48                I2C_Verify
 .text          0x04000bcc      0xd20 obj/default/lib/LSM303.o
                0x04000bcc                timeoutOccurred
                0x04000bf4                setTimeout
                0x04000c24                getTimeout
                0x04000c4c                compassInit
                0x04000c94                enableDefault
                0x04000cf8                writeMagReg
                0x04000d68                readMagReg
                0x04000de8                setMagGain
                0x04000e54                readMag
                0x04000fc8                LSM303_read
                0x04000ff8                LSM303_calibrate
                0x0400133c                heading_Y
                0x04001388                heading
                0x04001648                vector_cross
                0x0400177c                vector_dot
                0x04001824                vector_normalize
 .text          0x040018ec      0x2ec obj/default/lib/accelerometer_adxl345_spi.o
                0x040018ec                ADXL345_SPI_Init
                0x040019bc                ADXL345_SPI_WaitDataReady
                0x04001a60                ADXL345_SPI_IsDataReady
                0x04001ac8                ADXL345_SPI_XYZ_Read
                0x04001b94                ADXL345_SPI_IdRead
 .text          0x04001bd8       0xf4 obj/default/lib/adc_spi_read.o
                0x04001bd8                ADC_Read
 .text          0x04001ccc      0xe48 obj/default/lib/flash.o
                0x04001ccc                Flash_InfoDump
                0x04001d98                Flash_Open
                0x04001e68                Flash_Close
                0x04001ec0                Flash_GetBlockInfo
                0x04001ffc                Flash_Read
                0x040020b4                Flash_Write
                0x04002304                Flash_Erase
                0x040023f8                Flash_GetBlockCount
                0x0400247c                Flash_Size
                0x04002564                FLASH_Verify
 .text          0x04002b14     0x13ec obj/default/lib/motors.o
                0x04002b14                stoptofull
                0x04002bd8                stoptopartial
                0x04002c78                slowtostop
                0x04002d24                M_checkMotion
                0x04002dc4                M_allStop
                0x04002e24                turnLeft_Simple
                0x04002ea0                turnLeft
                0x04002ee8                turnRight
                0x04002f2c                turn180
                0x04002f7c                motorReverse
                0x04002fc8                motorGo
                0x040033b4                motorGoForward
                0x040037a0                printHistory
                0x040038c4                evalHistory
                0x04003a6c                executeHistory
                0x04003bd8                newDir
                0x04003e3c                oppositeDir
                0x04003e60                returnHbridgeIn
 .text          0x04003f00      0x364 obj/default/lib/terasic_spi.o
                0x04003f00                SPI_Init
                0x04003f4c                SPI_MultipleWrite
                0x04004084                SPI_Write
                0x040040c8                SPI_MultipleRead
                0x04004220                SPI_Read
 .text          0x04004264      0x858 obj/default/main.o
                0x04004264                EnableKeyInterrupt
                0x040042a0                ShowMenu
                0x0400433c                DEMO_PWM
                0x04004484                DEMO_ENCODERS
                0x040046b0                DEMO_COMPASS
                0x0400475c                DEMO_ACCELEROMETER
                0x04004778                DEMO_ADC
                0x04004890                mainalt2
                0x04004960                DEMO_EEPROM
                0x04004a3c                DEMO_EPCS
 .text          0x04004abc      0x2e0 obj/default/map.o
                0x04004abc                GenerateTest
                0x04004c40                GenerateForward
 .text          0x04004d9c     0x1858 obj/default/nav.o
                0x04004d9c                Navigation_Task
                0x040053e0                LSM303_Task
                0x0400549c                History_Task
                0x04005670                checkLeftRight
                0x040057bc                Servo_Task
                0x04005884                servoRotate
                0x04005be0                navigateFront
                0x04005e24                isSensorClear
                0x04005e98                Encoder_Task
                0x04006188                EncoderCalibrate
                0x040062b8                SensorsCalibrate
                0x040063b8                main
 .text          0x040065f4       0x88 c:/altera/12.1sp1/nios2eds/bin/gnu/h-i686-mingw32/bin/../lib/gcc/nios2-elf/4.1.2/../../../../nios2-elf/lib/mno-hw-mul\libm.a(lib_a-s_fmax.o)
                0x040065f4                fmax
 .text          0x0400667c       0x88 c:/altera/12.1sp1/nios2eds/bin/gnu/h-i686-mingw32/bin/../lib/gcc/nios2-elf/4.1.2/../../../../nios2-elf/lib/mno-hw-mul\libm.a(lib_a-s_fmin.o)
                0x0400667c                fmin
 .text          0x04006704       0x80 c:/altera/12.1sp1/nios2eds/bin/gnu/h-i686-mingw32/bin/../lib/gcc/nios2-elf/4.1.2/../../../../nios2-elf/lib/mno-hw-mul\libm.a(lib_a-s_fpclassify.o)
                0x04006704                __fpclassifyd
 .text          0x04006784      0x10c c:/altera/12.1sp1/nios2eds/bin/gnu/h-i686-mingw32/bin/../lib/gcc/nios2-elf/4.1.2/../../../../nios2-elf/lib/mno-hw-mul\libm.a(lib_a-s_round.o)
                0x04006784                round
 .text          0x04006890        0x4 c:/altera/12.1sp1/nios2eds/bin/gnu/h-i686-mingw32/bin/../lib/gcc/nios2-elf/4.1.2/../../../../nios2-elf/lib/mno-hw-mul\libm.a(lib_a-w_atan2.o)
                0x04006890                atan2
 .text          0x04006894      0x130 c:/altera/12.1sp1/nios2eds/bin/gnu/h-i686-mingw32/bin/../lib/gcc/nios2-elf/4.1.2/../../../../nios2-elf/lib/mno-hw-mul\libm.a(lib_a-w_sqrt.o)
                0x04006894                sqrt
 .text          0x040069c4      0x350 c:/altera/12.1sp1/nios2eds/bin/gnu/h-i686-mingw32/bin/../lib/gcc/nios2-elf/4.1.2/../../../../nios2-elf/lib/mno-hw-mul\libm.a(lib_a-e_atan2.o)
                0x040069c4                __ieee754_atan2
 .text          0x04006d14      0x2c8 c:/altera/12.1sp1/nios2eds/bin/gnu/h-i686-mingw32/bin/../lib/gcc/nios2-elf/4.1.2/../../../../nios2-elf/lib/mno-hw-mul\libm.a(lib_a-e_sqrt.o)
                0x04006d14                __ieee754_sqrt
 .text          0x04006fdc      0x698 c:/altera/12.1sp1/nios2eds/bin/gnu/h-i686-mingw32/bin/../lib/gcc/nios2-elf/4.1.2/../../../../nios2-elf/lib/mno-hw-mul\libm.a(lib_a-s_atan.o)
                0x04006fdc                atan
 .text          0x04007674       0x18 c:/altera/12.1sp1/nios2eds/bin/gnu/h-i686-mingw32/bin/../lib/gcc/nios2-elf/4.1.2/../../../../nios2-elf/lib/mno-hw-mul\libm.a(lib_a-s_fabs.o)
                0x04007674                fabs
 .text          0x0400768c       0x30 c:/altera/12.1sp1/nios2eds/bin/gnu/h-i686-mingw32/bin/../lib/gcc/nios2-elf/4.1.2/../../../../nios2-elf/lib/mno-hw-mul\libm.a(lib_a-s_isnand.o)
                0x0400768c                __isnand
 .text          0x040076bc        0x0 c:/altera/12.1sp1/nios2eds/bin/gnu/h-i686-mingw32/bin/../lib/gcc/nios2-elf/4.1.2/../../../../nios2-elf/lib/mno-hw-mul\libm.a(lib_a-s_lib_ver.o)
 .text          0x040076bc        0x8 c:/altera/12.1sp1/nios2eds/bin/gnu/h-i686-mingw32/bin/../lib/gcc/nios2-elf/4.1.2/../../../../nios2-elf/lib/mno-hw-mul\libm.a(lib_a-s_matherr.o)
                0x040076bc                matherr
 .text          0x040076c4      0x2b8 c:/altera/12.1sp1/nios2eds/bin/gnu/h-i686-mingw32/bin/../lib/gcc/nios2-elf/4.1.2/mno-hw-mul\libgcc.a(_addsub_sf.o)
                0x040078a8                __subsf3
                0x04007918                __addsf3
 .text          0x0400797c      0x1e0 c:/altera/12.1sp1/nios2eds/bin/gnu/h-i686-mingw32/bin/../lib/gcc/nios2-elf/4.1.2/mno-hw-mul\libgcc.a(_mul_sf.o)
                0x0400797c                __mulsf3
 .text          0x04007b5c      0x174 c:/altera/12.1sp1/nios2eds/bin/gnu/h-i686-mingw32/bin/../lib/gcc/nios2-elf/4.1.2/mno-hw-mul\libgcc.a(_div_sf.o)
                0x04007b5c                __divsf3
 .text          0x04007cd0       0x78 c:/altera/12.1sp1/nios2eds/bin/gnu/h-i686-mingw32/bin/../lib/gcc/nios2-elf/4.1.2/mno-hw-mul\libgcc.a(_gt_sf.o)
                0x04007cd0                __gtsf2
 .text          0x04007d48       0x94 c:/altera/12.1sp1/nios2eds/bin/gnu/h-i686-mingw32/bin/../lib/gcc/nios2-elf/4.1.2/mno-hw-mul\libgcc.a(_sf_to_si.o)
                0x04007d48                __fixsfsi
 .text          0x04007ddc       0x54 c:/altera/12.1sp1/nios2eds/bin/gnu/h-i686-mingw32/bin/../lib/gcc/nios2-elf/4.1.2/mno-hw-mul\libgcc.a(_sf_to_df.o)
                0x04007ddc                __extendsfdf2
 .text          0x04007e30        0x0 c:/altera/12.1sp1/nios2eds/bin/gnu/h-i686-mingw32/bin/../lib/gcc/nios2-elf/4.1.2/mno-hw-mul\libgcc.a(_thenan_sf.o)
 .text          0x04007e30       0xc0 c:/altera/12.1sp1/nios2eds/bin/gnu/h-i686-mingw32/bin/../lib/gcc/nios2-elf/4.1.2/mno-hw-mul\libgcc.a(_usi_to_sf.o)
                0x04007e30                __floatunsisf
 .text          0x04007ef0      0x504 c:/altera/12.1sp1/nios2eds/bin/gnu/h-i686-mingw32/bin/../lib/gcc/nios2-elf/4.1.2/mno-hw-mul\libgcc.a(_addsub_df.o)
                0x04008300                __subdf3
                0x04008380                __adddf3
 .text          0x040083f4      0x3c4 c:/altera/12.1sp1/nios2eds/bin/gnu/h-i686-mingw32/bin/../lib/gcc/nios2-elf/4.1.2/mno-hw-mul\libgcc.a(_mul_df.o)
                0x040083f4                __muldf3
 .text          0x040087b8      0x258 c:/altera/12.1sp1/nios2eds/bin/gnu/h-i686-mingw32/bin/../lib/gcc/nios2-elf/4.1.2/mno-hw-mul\libgcc.a(_div_df.o)
                0x040087b8                __divdf3
 .text          0x04008a10       0x88 c:/altera/12.1sp1/nios2eds/bin/gnu/h-i686-mingw32/bin/../lib/gcc/nios2-elf/4.1.2/mno-hw-mul\libgcc.a(_gt_df.o)
                0x04008a10                __gtdf2
 .text          0x04008a98       0x88 c:/altera/12.1sp1/nios2eds/bin/gnu/h-i686-mingw32/bin/../lib/gcc/nios2-elf/4.1.2/mno-hw-mul\libgcc.a(_ge_df.o)
                0x04008a98                __gedf2
 .text          0x04008b20       0x88 c:/altera/12.1sp1/nios2eds/bin/gnu/h-i686-mingw32/bin/../lib/gcc/nios2-elf/4.1.2/mno-hw-mul\libgcc.a(_lt_df.o)
                0x04008b20                __ltdf2
 .text          0x04008ba8       0x88 c:/altera/12.1sp1/nios2eds/bin/gnu/h-i686-mingw32/bin/../lib/gcc/nios2-elf/4.1.2/mno-hw-mul\libgcc.a(_le_df.o)
                0x04008ba8                __ledf2
 .text          0x04008c30       0xf8 c:/altera/12.1sp1/nios2eds/bin/gnu/h-i686-mingw32/bin/../lib/gcc/nios2-elf/4.1.2/mno-hw-mul\libgcc.a(_si_to_df.o)
                0x04008c30                __floatsidf
 .text          0x04008d28       0xd8 c:/altera/12.1sp1/nios2eds/bin/gnu/h-i686-mingw32/bin/../lib/gcc/nios2-elf/4.1.2/mno-hw-mul\libgcc.a(_df_to_si.o)
                0x04008d28                __fixdfsi
 .text          0x04008e00       0x38 c:/altera/12.1sp1/nios2eds/bin/gnu/h-i686-mingw32/bin/../lib/gcc/nios2-elf/4.1.2/mno-hw-mul\libgcc.a(_make_df.o)
                0x04008e00                __make_dp
 .text          0x04008e38       0x74 c:/altera/12.1sp1/nios2eds/bin/gnu/h-i686-mingw32/bin/../lib/gcc/nios2-elf/4.1.2/mno-hw-mul\libgcc.a(_df_to_sf.o)
                0x04008e38                __truncdfsf2
 .text          0x04008eac        0x0 c:/altera/12.1sp1/nios2eds/bin/gnu/h-i686-mingw32/bin/../lib/gcc/nios2-elf/4.1.2/mno-hw-mul\libgcc.a(_thenan_df.o)
 .text          0x04008eac      0x14c c:/altera/12.1sp1/nios2eds/bin/gnu/h-i686-mingw32/bin/../lib/gcc/nios2-elf/4.1.2/mno-hw-mul\libgcc.a(lib2-divmod.o)
                0x04008f28                __divsi3
                0x04008f88                __modsi3
                0x04008fe8                __udivsi3
                0x04008ff0                __umodsi3
 .text          0x04008ff8       0x38 c:/altera/12.1sp1/nios2eds/bin/gnu/h-i686-mingw32/bin/../lib/gcc/nios2-elf/4.1.2/mno-hw-mul\libgcc.a(lib2-mul.o)
                0x04008ff8                __mulsi3
 .text          0x04009030      0x124 c:/altera/12.1sp1/nios2eds/bin/gnu/h-i686-mingw32/bin/../lib/gcc/nios2-elf/4.1.2/mno-hw-mul\libgcc.a(_muldi3.o)
                0x04009030                __muldi3
 .text          0x04009154       0x80 c:/altera/12.1sp1/nios2eds/bin/gnu/h-i686-mingw32/bin/../lib/gcc/nios2-elf/4.1.2/mno-hw-mul\libgcc.a(_clzsi2.o)
                0x04009154                __clzsi2
 .text          0x040091d4      0x160 c:/altera/12.1sp1/nios2eds/bin/gnu/h-i686-mingw32/bin/../lib/gcc/nios2-elf/4.1.2/mno-hw-mul\libgcc.a(_pack_sf.o)
                0x040091d4                __pack_f
 .text          0x04009334       0xc8 c:/altera/12.1sp1/nios2eds/bin/gnu/h-i686-mingw32/bin/../lib/gcc/nios2-elf/4.1.2/mno-hw-mul\libgcc.a(_unpack_sf.o)
                0x04009334                __unpack_f
 .text          0x040093fc       0xa8 c:/altera/12.1sp1/nios2eds/bin/gnu/h-i686-mingw32/bin/../lib/gcc/nios2-elf/4.1.2/mno-hw-mul\libgcc.a(_fpcmp_parts_sf.o)
                0x040093fc                __fpcmp_parts_f
 .text          0x040094a4       0x2c c:/altera/12.1sp1/nios2eds/bin/gnu/h-i686-mingw32/bin/../lib/gcc/nios2-elf/4.1.2/mno-hw-mul\libgcc.a(_make_sf.o)
                0x040094a4                __make_fp
 .text          0x040094d0      0x314 c:/altera/12.1sp1/nios2eds/bin/gnu/h-i686-mingw32/bin/../lib/gcc/nios2-elf/4.1.2/mno-hw-mul\libgcc.a(_pack_df.o)
                0x040094d0                __pack_d
 .text          0x040097e4      0x138 c:/altera/12.1sp1/nios2eds/bin/gnu/h-i686-mingw32/bin/../lib/gcc/nios2-elf/4.1.2/mno-hw-mul\libgcc.a(_unpack_df.o)
                0x040097e4                __unpack_d
 .text          0x0400991c       0xc8 c:/altera/12.1sp1/nios2eds/bin/gnu/h-i686-mingw32/bin/../lib/gcc/nios2-elf/4.1.2/mno-hw-mul\libgcc.a(_fpcmp_parts_df.o)
                0x0400991c                __fpcmp_parts_d
 .text          0x040099e4        0x0 c:/altera/12.1sp1/nios2eds/bin/gnu/h-i686-mingw32/bin/../lib/gcc/nios2-elf/4.1.2/mno-hw-mul\libgcc.a(_clz.o)
 .text          0x040099e4       0x10 c:/altera/12.1sp1/nios2eds/bin/gnu/h-i686-mingw32/bin/../lib/gcc/nios2-elf/4.1.2/../../../../nios2-elf/lib/mno-hw-mul\libc.a(lib_a-errno.o)
                0x040099e4                __errno
 .text          0x040099f4        0x0 c:/altera/12.1sp1/nios2eds/bin/gnu/h-i686-mingw32/bin/../lib/gcc/nios2-elf/4.1.2/../../../../nios2-elf/lib/mno-hw-mul\libc.a(lib_a-impure.o)
 .text          0x040099f4       0x28 c:/altera/12.1sp1/nios2eds/bin/gnu/h-i686-mingw32/bin/../lib/gcc/nios2-elf/4.1.2/../../../../nios2-elf/lib/mno-hw-mul\libc.a(lib_a-malloc.o)
                0x040099f4                free
                0x04009a08                malloc
 .text          0x04009a1c      0x740 c:/altera/12.1sp1/nios2eds/bin/gnu/h-i686-mingw32/bin/../lib/gcc/nios2-elf/4.1.2/../../../../nios2-elf/lib/mno-hw-mul\libc.a(lib_a-mallocr.o)
                0x04009a1c                _malloc_r
 .text          0x0400a15c       0x78 c:/altera/12.1sp1/nios2eds/bin/gnu/h-i686-mingw32/bin/../lib/gcc/nios2-elf/4.1.2/../../../../nios2-elf/lib/mno-hw-mul\libc.a(lib_a-printf.o)
                0x0400a15c                printf
                0x0400a1a0                _printf_r
 .text          0x0400a1d4       0xb4 c:/altera/12.1sp1/nios2eds/bin/gnu/h-i686-mingw32/bin/../lib/gcc/nios2-elf/4.1.2/../../../../nios2-elf/lib/mno-hw-mul\libc.a(lib_a-puts.o)
                0x0400a1d4                _puts_r
                0x0400a274                puts
 .text          0x0400a288       0x70 c:/altera/12.1sp1/nios2eds/bin/gnu/h-i686-mingw32/bin/../lib/gcc/nios2-elf/4.1.2/../../../../nios2-elf/lib/mno-hw-mul\libc.a(lib_a-sbrkr.o)
                0x0400a288                _sbrk_r
 .text          0x0400a2f8       0x7c c:/altera/12.1sp1/nios2eds/bin/gnu/h-i686-mingw32/bin/../lib/gcc/nios2-elf/4.1.2/../../../../nios2-elf/lib/mno-hw-mul\libc.a(lib_a-scanf.o)
                0x0400a2f8                _scanf_r
                0x0400a32c                scanf
 .text          0x0400a374       0x74 c:/altera/12.1sp1/nios2eds/bin/gnu/h-i686-mingw32/bin/../lib/gcc/nios2-elf/4.1.2/../../../../nios2-elf/lib/mno-hw-mul\libc.a(lib_a-strlen.o)
                0x0400a374                strlen
 .text          0x0400a3e8     0x1f40 c:/altera/12.1sp1/nios2eds/bin/gnu/h-i686-mingw32/bin/../lib/gcc/nios2-elf/4.1.2/../../../../nios2-elf/lib/mno-hw-mul\libc.a(lib_a-vfprintf.o)
                0x0400a440                ___vfprintf_internal_r
                0x0400c304                __vfprintf_internal
 .text          0x0400c328     0x1788 c:/altera/12.1sp1/nios2eds/bin/gnu/h-i686-mingw32/bin/../lib/gcc/nios2-elf/4.1.2/../../../../nios2-elf/lib/mno-hw-mul\libc.a(lib_a-vfscanf.o)
                0x0400c328                __svfscanf_r
                0x0400d9b0                __svfscanf
                0x0400d9d4                _vfscanf_r
                0x0400da3c                vfscanf
 .text          0x0400dab0      0x13c c:/altera/12.1sp1/nios2eds/bin/gnu/h-i686-mingw32/bin/../lib/gcc/nios2-elf/4.1.2/../../../../nios2-elf/lib/mno-hw-mul\libc.a(lib_a-wsetup.o)
                0x0400dab0                __swsetup_r
 .text          0x0400dbec        0x0 c:/altera/12.1sp1/nios2eds/bin/gnu/h-i686-mingw32/bin/../lib/gcc/nios2-elf/4.1.2/../../../../nios2-elf/lib/mno-hw-mul\libc.a(lib_a-ctype_.o)
 .text          0x0400dbec     0x17f8 c:/altera/12.1sp1/nios2eds/bin/gnu/h-i686-mingw32/bin/../lib/gcc/nios2-elf/4.1.2/../../../../nios2-elf/lib/mno-hw-mul\libc.a(lib_a-dtoa.o)
                0x0400de30                _dtoa_r
 .text          0x0400f3e4      0x230 c:/altera/12.1sp1/nios2eds/bin/gnu/h-i686-mingw32/bin/../lib/gcc/nios2-elf/4.1.2/../../../../nios2-elf/lib/mno-hw-mul\libc.a(lib_a-fflush.o)
                0x0400f3e4                _fflush_r
                0x0400f5e0                fflush
 .text          0x0400f614      0x2f4 c:/altera/12.1sp1/nios2eds/bin/gnu/h-i686-mingw32/bin/../lib/gcc/nios2-elf/4.1.2/../../../../nios2-elf/lib/mno-hw-mul\libc.a(lib_a-findfp.o)
                0x0400f66c                __sfp_lock_acquire
                0x0400f670                __sfp_lock_release
                0x0400f674                __sinit_lock_acquire
                0x0400f678                __sinit_lock_release
                0x0400f67c                __sinit
                0x0400f730                __fp_unlock_all
                0x0400f748                __fp_lock_all
                0x0400f760                _cleanup_r
                0x0400f76c                _cleanup
                0x0400f77c                __sfmoreglue
                0x0400f818                __sfp
 .text          0x0400f908      0x24c c:/altera/12.1sp1/nios2eds/bin/gnu/h-i686-mingw32/bin/../lib/gcc/nios2-elf/4.1.2/../../../../nios2-elf/lib/mno-hw-mul\libc.a(lib_a-fread.o)
                0x0400f908                _fread_r
                0x0400fb14                fread
 .text          0x0400fb54      0x440 c:/altera/12.1sp1/nios2eds/bin/gnu/h-i686-mingw32/bin/../lib/gcc/nios2-elf/4.1.2/../../../../nios2-elf/lib/mno-hw-mul\libc.a(lib_a-freer.o)
                0x0400fb54                _malloc_trim_r
                0x0400fc80                _free_r
 .text          0x0400ff94      0x49c c:/altera/12.1sp1/nios2eds/bin/gnu/h-i686-mingw32/bin/../lib/gcc/nios2-elf/4.1.2/../../../../nios2-elf/lib/mno-hw-mul\libc.a(lib_a-fvwrite.o)
                0x0400ff94                __sfvwrite_r
 .text          0x04010430      0x180 c:/altera/12.1sp1/nios2eds/bin/gnu/h-i686-mingw32/bin/../lib/gcc/nios2-elf/4.1.2/../../../../nios2-elf/lib/mno-hw-mul\libc.a(lib_a-fwalk.o)
                0x04010430                _fwalk_reent
                0x040104f8                _fwalk
 .text          0x040105b0        0x0 c:/altera/12.1sp1/nios2eds/bin/gnu/h-i686-mingw32/bin/../lib/gcc/nios2-elf/4.1.2/../../../../nios2-elf/lib/mno-hw-mul\libc.a(lib_a-int_errno.o)
 .text          0x040105b0       0x2c c:/altera/12.1sp1/nios2eds/bin/gnu/h-i686-mingw32/bin/../lib/gcc/nios2-elf/4.1.2/../../../../nios2-elf/lib/mno-hw-mul\libc.a(lib_a-iswspace.o)
                0x040105b0                iswspace
 .text          0x040105dc       0xc4 c:/altera/12.1sp1/nios2eds/bin/gnu/h-i686-mingw32/bin/../lib/gcc/nios2-elf/4.1.2/../../../../nios2-elf/lib/mno-hw-mul\libc.a(lib_a-locale.o)
                0x040105dc                __locale_charset
                0x040105e4                _localeconv_r
                0x040105f0                localeconv
                0x04010600                _setlocale_r
                0x04010684                setlocale
 .text          0x040106a0      0x194 c:/altera/12.1sp1/nios2eds/bin/gnu/h-i686-mingw32/bin/../lib/gcc/nios2-elf/4.1.2/../../../../nios2-elf/lib/mno-hw-mul\libc.a(lib_a-makebuf.o)
                0x040106a0                __smakebuf_r
 .text          0x04010834       0xc0 c:/altera/12.1sp1/nios2eds/bin/gnu/h-i686-mingw32/bin/../lib/gcc/nios2-elf/4.1.2/../../../../nios2-elf/lib/mno-hw-mul\libc.a(lib_a-mbrtowc.o)
                0x04010834                _mbrtowc_r
                0x040108b4                mbrtowc
 .text          0x040108f4       0x40 c:/altera/12.1sp1/nios2eds/bin/gnu/h-i686-mingw32/bin/../lib/gcc/nios2-elf/4.1.2/../../../../nios2-elf/lib/mno-hw-mul\libc.a(lib_a-mbtowc_r.o)
                0x040108f4                _mbtowc_r
 .text          0x04010934       0xe4 c:/altera/12.1sp1/nios2eds/bin/gnu/h-i686-mingw32/bin/../lib/gcc/nios2-elf/4.1.2/../../../../nios2-elf/lib/mno-hw-mul\libc.a(lib_a-memchr.o)
                0x04010934                memchr
 .text          0x04010a18       0xa0 c:/altera/12.1sp1/nios2eds/bin/gnu/h-i686-mingw32/bin/../lib/gcc/nios2-elf/4.1.2/../../../../nios2-elf/lib/mno-hw-mul\libc.a(lib_a-memcpy.o)
                0x04010a18                memcpy
 .text          0x04010ab8       0xe0 c:/altera/12.1sp1/nios2eds/bin/gnu/h-i686-mingw32/bin/../lib/gcc/nios2-elf/4.1.2/../../../../nios2-elf/lib/mno-hw-mul\libc.a(lib_a-memmove.o)
                0x04010ab8                memmove
 .text          0x04010b98       0x98 c:/altera/12.1sp1/nios2eds/bin/gnu/h-i686-mingw32/bin/../lib/gcc/nios2-elf/4.1.2/../../../../nios2-elf/lib/mno-hw-mul\libc.a(lib_a-memset.o)
                0x04010b98                memset
 .text          0x04010c30     0x108c c:/altera/12.1sp1/nios2eds/bin/gnu/h-i686-mingw32/bin/../lib/gcc/nios2-elf/4.1.2/../../../../nios2-elf/lib/mno-hw-mul\libc.a(lib_a-mprec.o)
                0x04010c30                _Bfree
                0x04010c58                __hi0bits
                0x04010cc8                __lo0bits
                0x04010d8c                __mcmp
                0x04010dec                __ulp
                0x04010e6c                __b2d
                0x04010f8c                __ratio
                0x0401103c                _mprec_log10
                0x040110d0                __copybits
                0x04011128                __any_on
                0x040111b0                _Balloc
                0x0401126c                __d2b
                0x040113e8                __mdiff
                0x04011574                __lshift
                0x040116c0                __multiply
                0x04011914                __i2b
                0x04011950                __multadd
                0x04011a7c                __pow5mult
                0x04011b9c                __s2b
 .text          0x04011cbc      0x5f4 c:/altera/12.1sp1/nios2eds/bin/gnu/h-i686-mingw32/bin/../lib/gcc/nios2-elf/4.1.2/../../../../nios2-elf/lib/mno-hw-mul\libc.a(lib_a-reallocr.o)
                0x04011cbc                _realloc_r
 .text          0x040122b0      0x1e0 c:/altera/12.1sp1/nios2eds/bin/gnu/h-i686-mingw32/bin/../lib/gcc/nios2-elf/4.1.2/../../../../nios2-elf/lib/mno-hw-mul\libc.a(lib_a-refill.o)
                0x040122b0                __srefill_r
 .text          0x04012490       0x40 c:/altera/12.1sp1/nios2eds/bin/gnu/h-i686-mingw32/bin/../lib/gcc/nios2-elf/4.1.2/../../../../nios2-elf/lib/mno-hw-mul\libc.a(lib_a-s_isinfd.o)
                0x04012490                __isinfd
 .text          0x040124d0       0xc0 c:/altera/12.1sp1/nios2eds/bin/gnu/h-i686-mingw32/bin/../lib/gcc/nios2-elf/4.1.2/../../../../nios2-elf/lib/mno-hw-mul\libc.a(lib_a-sccl.o)
                0x040124d0                __sccl
 .text          0x04012590        0x8 c:/altera/12.1sp1/nios2eds/bin/gnu/h-i686-mingw32/bin/../lib/gcc/nios2-elf/4.1.2/../../../../nios2-elf/lib/mno-hw-mul\libc.a(lib_a-sf_nan.o)
                0x04012590                nanf
 .text          0x04012598       0xd4 c:/altera/12.1sp1/nios2eds/bin/gnu/h-i686-mingw32/bin/../lib/gcc/nios2-elf/4.1.2/../../../../nios2-elf/lib/mno-hw-mul\libc.a(lib_a-sprintf.o)
                0x04012598                sprintf
                0x0401260c                _sprintf_r
 .text          0x0401266c      0x14c c:/altera/12.1sp1/nios2eds/bin/gnu/h-i686-mingw32/bin/../lib/gcc/nios2-elf/4.1.2/../../../../nios2-elf/lib/mno-hw-mul\libc.a(lib_a-stdio.o)
                0x0401266c                __sclose
                0x04012674                __sseek
                0x040126dc                __swrite
                0x04012758                __sread
 .text          0x040127b8       0xbc c:/altera/12.1sp1/nios2eds/bin/gnu/h-i686-mingw32/bin/../lib/gcc/nios2-elf/4.1.2/../../../../nios2-elf/lib/mno-hw-mul\libc.a(lib_a-strcmp.o)
                0x040127b8                strcmp
 .text          0x04012874     0x1754 c:/altera/12.1sp1/nios2eds/bin/gnu/h-i686-mingw32/bin/../lib/gcc/nios2-elf/4.1.2/../../../../nios2-elf/lib/mno-hw-mul\libc.a(lib_a-strtod.o)
                0x040128bc                _strtod_r
                0x04013e88                strtof
                0x04013fac                strtod
 .text          0x04013fc8      0x274 c:/altera/12.1sp1/nios2eds/bin/gnu/h-i686-mingw32/bin/../lib/gcc/nios2-elf/4.1.2/../../../../nios2-elf/lib/mno-hw-mul\libc.a(lib_a-strtol.o)
                0x04013fc8                _strtol_r
                0x04014218                strtol
 .text          0x0401423c      0x318 c:/altera/12.1sp1/nios2eds/bin/gnu/h-i686-mingw32/bin/../lib/gcc/nios2-elf/4.1.2/../../../../nios2-elf/lib/mno-hw-mul\libc.a(lib_a-strtoll_r.o)
                0x0401423c                _strtoll_r
 .text          0x04014554      0x264 c:/altera/12.1sp1/nios2eds/bin/gnu/h-i686-mingw32/bin/../lib/gcc/nios2-elf/4.1.2/../../../../nios2-elf/lib/mno-hw-mul\libc.a(lib_a-strtoul.o)
                0x04014554                _strtoul_r
                0x04014794                strtoul
 .text          0x040147b8      0x2f0 c:/altera/12.1sp1/nios2eds/bin/gnu/h-i686-mingw32/bin/../lib/gcc/nios2-elf/4.1.2/../../../../nios2-elf/lib/mno-hw-mul\libc.a(lib_a-strtoull_r.o)
                0x040147b8                _strtoull_r
 .text          0x04014aa8      0x294 c:/altera/12.1sp1/nios2eds/bin/gnu/h-i686-mingw32/bin/../lib/gcc/nios2-elf/4.1.2/../../../../nios2-elf/lib/mno-hw-mul\libc.a(lib_a-ungetc.o)
                0x04014aa8                __submore
                0x04014b84                _ungetc_r
                0x04014d20                ungetc
 .text          0x04014d3c       0x78 c:/altera/12.1sp1/nios2eds/bin/gnu/h-i686-mingw32/bin/../lib/gcc/nios2-elf/4.1.2/../../../../nios2-elf/lib/mno-hw-mul\libc.a(lib_a-writer.o)
                0x04014d3c                _write_r
 .text          0x04014db4       0xc8 c:/altera/12.1sp1/nios2eds/bin/gnu/h-i686-mingw32/bin/../lib/gcc/nios2-elf/4.1.2/../../../../nios2-elf/lib/mno-hw-mul\libc.a(lib_a-callocr.o)
                0x04014db4                _calloc_r
 .text          0x04014e7c       0x70 c:/altera/12.1sp1/nios2eds/bin/gnu/h-i686-mingw32/bin/../lib/gcc/nios2-elf/4.1.2/../../../../nios2-elf/lib/mno-hw-mul\libc.a(lib_a-closer.o)
                0x04014e7c                _close_r
 .text          0x04014eec      0x124 c:/altera/12.1sp1/nios2eds/bin/gnu/h-i686-mingw32/bin/../lib/gcc/nios2-elf/4.1.2/../../../../nios2-elf/lib/mno-hw-mul\libc.a(lib_a-fclose.o)
                0x04014eec                _fclose_r
                0x04014ffc                fclose
 .text          0x04015010       0x74 c:/altera/12.1sp1/nios2eds/bin/gnu/h-i686-mingw32/bin/../lib/gcc/nios2-elf/4.1.2/../../../../nios2-elf/lib/mno-hw-mul\libc.a(lib_a-fstatr.o)
                0x04015010                _fstat_r
 .text          0x04015084      0x938 c:/altera/12.1sp1/nios2eds/bin/gnu/h-i686-mingw32/bin/../lib/gcc/nios2-elf/4.1.2/../../../../nios2-elf/lib/mno-hw-mul\libc.a(lib_a-gdtoa-gethex.o)
                0x040150a8                __hexdig_init
                0x040151c0                __gethex
 .text          0x040159bc      0x294 c:/altera/12.1sp1/nios2eds/bin/gnu/h-i686-mingw32/bin/../lib/gcc/nios2-elf/4.1.2/../../../../nios2-elf/lib/mno-hw-mul\libc.a(lib_a-gdtoa-hexnan.o)
                0x04015a08                __hexnan
 .text          0x04015c50       0x70 c:/altera/12.1sp1/nios2eds/bin/gnu/h-i686-mingw32/bin/../lib/gcc/nios2-elf/4.1.2/../../../../nios2-elf/lib/mno-hw-mul\libc.a(lib_a-isattyr.o)
                0x04015c50                _isatty_r
 .text          0x04015cc0       0x78 c:/altera/12.1sp1/nios2eds/bin/gnu/h-i686-mingw32/bin/../lib/gcc/nios2-elf/4.1.2/../../../../nios2-elf/lib/mno-hw-mul\libc.a(lib_a-lseekr.o)
                0x04015cc0                _lseek_r
 .text          0x04015d38       0x78 c:/altera/12.1sp1/nios2eds/bin/gnu/h-i686-mingw32/bin/../lib/gcc/nios2-elf/4.1.2/../../../../nios2-elf/lib/mno-hw-mul\libc.a(lib_a-readr.o)
                0x04015d38                _read_r
 .text          0x04015db0       0xa4 c:/altera/12.1sp1/nios2eds/bin/gnu/h-i686-mingw32/bin/../lib/gcc/nios2-elf/4.1.2/mno-hw-mul\libgcc.a(_fixunsdfsi.o)
                0x04015db0                __fixunsdfsi
 .text          0x04015e54      0x66c c:/altera/12.1sp1/nios2eds/bin/gnu/h-i686-mingw32/bin/../lib/gcc/nios2-elf/4.1.2/mno-hw-mul\libgcc.a(_udivdi3.o)
                0x04015e54                __udivdi3
 .text          0x040164c0      0x660 c:/altera/12.1sp1/nios2eds/bin/gnu/h-i686-mingw32/bin/../lib/gcc/nios2-elf/4.1.2/mno-hw-mul\libgcc.a(_umoddi3.o)
                0x040164c0                __umoddi3
 .text          0x04016b20       0x78 c:/altera/12.1sp1/nios2eds/bin/gnu/h-i686-mingw32/bin/../lib/gcc/nios2-elf/4.1.2/mno-hw-mul\libgcc.a(_ne_sf.o)
                0x04016b20                __nesf2
 .text          0x04016b98       0x78 c:/altera/12.1sp1/nios2eds/bin/gnu/h-i686-mingw32/bin/../lib/gcc/nios2-elf/4.1.2/mno-hw-mul\libgcc.a(_lt_sf.o)
                0x04016b98                __ltsf2
 .text          0x04016c10       0x88 c:/altera/12.1sp1/nios2eds/bin/gnu/h-i686-mingw32/bin/../lib/gcc/nios2-elf/4.1.2/mno-hw-mul\libgcc.a(_eq_df.o)
                0x04016c10                __eqdf2
 .text          0x04016c98       0x88 c:/altera/12.1sp1/nios2eds/bin/gnu/h-i686-mingw32/bin/../lib/gcc/nios2-elf/4.1.2/mno-hw-mul\libgcc.a(_ne_df.o)
                0x04016c98                __nedf2
 .text          0x04016d20      0x194 c:/altera/12.1sp1/nios2eds/bin/gnu/h-i686-mingw32/bin/../lib/gcc/nios2-elf/4.1.2/mno-hw-mul\libgcc.a(_usi_to_df.o)
                0x04016d20                __floatunsidf
 .text          0x04016eb4      0x160 ../ROVER_bsp/\libucosii_bsp.a(alt_close.o)
                0x04016eb4                close
 .text          0x04017014       0x24 ../ROVER_bsp/\libucosii_bsp.a(alt_dcache_flush.o)
                0x04017014                alt_dcache_flush
 .text          0x04017038       0x1c ../ROVER_bsp/\libucosii_bsp.a(alt_dcache_flush_all.o)
                0x04017038                alt_dcache_flush_all
 .text          0x04017054       0x2c ../ROVER_bsp/\libucosii_bsp.a(alt_dev.o)
 .text          0x04017080        0x0 ../ROVER_bsp/\libucosii_bsp.a(alt_errno.o)
 .text          0x04017080       0xd0 ../ROVER_bsp/\libucosii_bsp.a(alt_flash_dev.o)
                0x04017080                alt_flash_open_dev
                0x040170fc                alt_flash_close_dev
 .text          0x04017150      0x138 ../ROVER_bsp/\libucosii_bsp.a(alt_fstat.o)
                0x04017150                fstat
 .text          0x04017288      0x124 ../ROVER_bsp/\libucosii_bsp.a(alt_isatty.o)
                0x04017288                isatty
 .text          0x040173ac      0x154 ../ROVER_bsp/\libucosii_bsp.a(alt_lseek.o)
                0x040173ac                lseek
 .text          0x04017500       0xc8 ../ROVER_bsp/\libucosii_bsp.a(alt_main.o)
                0x04017500                alt_main
 .text          0x040175c8      0x184 ../ROVER_bsp/\libucosii_bsp.a(alt_read.o)
                0x040175c8                read
 .text          0x0401774c       0x78 ../ROVER_bsp/\libucosii_bsp.a(alt_release_fd.o)
                0x0401774c                alt_release_fd
 .text          0x040177c4       0xbc ../ROVER_bsp/\libucosii_bsp.a(alt_sbrk.o)
                0x040177c4                sbrk
 .text          0x04017880      0x1a8 ../ROVER_bsp/\libucosii_bsp.a(alt_tick.o)
                0x04017880                alt_alarm_stop
                0x04017918                alt_tick
 .text          0x04017a28      0x120 ../ROVER_bsp/\libucosii_bsp.a(alt_usleep.o)
                0x04017a28                usleep
 .text          0x04017b48      0x184 ../ROVER_bsp/\libucosii_bsp.a(alt_write.o)
                0x04017b48                write
 .text          0x04017ccc      0x108 ../ROVER_bsp/\libucosii_bsp.a(alt_env_lock.o)
                0x04017ccc                __env_lock
                0x04017d78                __env_unlock
 .text          0x04017dd4      0x1d8 ../ROVER_bsp/\libucosii_bsp.a(alt_malloc_lock.o)
                0x04017dd4                __malloc_lock
                0x04017edc                __malloc_unlock
 .text          0x04017fac     0x2128 ../ROVER_bsp/\libucosii_bsp.a(os_core.o)
                0x04017fac                OSEventNameGet
                0x040180dc                OSEventNameSet
                0x04018220                OSEventPendMulti
                0x040188d4                OSInit
                0x04018928                OSIntEnter
                0x040189a4                OSIntExit
                0x04018aa4                OSSchedLock
                0x04018b30                OSSchedUnlock
                0x04018c14                OSStart
                0x04018c84                OSStatInit
                0x04018d30                OSTimeTick
                0x04018f70                OSVersion
                0x04018f90                OS_Dummy
                0x04018fac                OS_EventTaskRdy
                0x04019140                OS_EventTaskWait
                0x04019250                OS_EventTaskWaitMulti
                0x040193a4                OS_EventTaskRemove
                0x0401945c                OS_EventTaskRemoveMulti
                0x04019560                OS_EventWaitListInit
                0x0401992c                OS_MemClr
                0x04019980                OS_MemCopy
                0x040199ec                OS_Sched
                0x04019b30                OS_StrCopy
                0x04019bb0                OS_StrLen
                0x04019c08                OS_TaskIdle
                0x04019c64                OS_TaskStat
                0x04019d2c                OS_TaskStatStkChk
                0x04019df4                OS_TCBInit
 .text          0x0401a0d4      0x18c ../ROVER_bsp/\libucosii_bsp.a(os_dbg.o)
                0x0401a0d4                OSDebugInit
 .text          0x0401a260     0x193c ../ROVER_bsp/\libucosii_bsp.a(os_flag.o)
                0x0401a260                OSFlagAccept
                0x0401a594                OSFlagCreate
                0x0401a6d0                OSFlagDel
                0x0401a978                OSFlagNameGet
                0x0401aabc                OSFlagNameSet
                0x0401ac10                OSFlagPend
                0x0401b254                OSFlagPendGetFlagsRdy
                0x0401b2bc                OSFlagPost
                0x0401b664                OSFlagQuery
                0x0401b8fc                OS_FlagInit
                0x0401baf0                OS_FlagUnlink
 .text          0x0401bb9c      0x80c ../ROVER_bsp/\libucosii_bsp.a(os_mem.o)
                0x0401bb9c                OSMemCreate
                0x0401bdb8                OSMemGet
                0x0401bebc                OSMemNameGet
                0x0401bfc8                OSMemNameSet
                0x0401c0e8                OSMemPut
                0x0401c1d8                OSMemQuery
                0x0401c2d4                OS_MemInit
 .text          0x0401c3a8     0x1334 ../ROVER_bsp/\libucosii_bsp.a(os_q.o)
                0x0401c3a8                OSQAccept
                0x0401c4fc                OSQCreate
                0x0401c710                OSQDel
                0x0401ca10                OSQFlush
                0x0401cad8                OSQPend
                0x0401cdf8                OSQPendAbort
                0x0401cf74                OSQPost
                0x0401d0f4                OSQPostFront
                0x0401d27c                OSQPostOpt
                0x0401d4b0                OSQQuery
                0x0401d630                OS_QInit
 .text          0x0401d6dc      0xbc8 ../ROVER_bsp/\libucosii_bsp.a(os_sem.o)
                0x0401d6dc                OSSemAccept
                0x0401d79c                OSSemCreate
                0x0401d8b0                OSSemDel
                0x0401db50                OSSemPend
                0x0401ddcc                OSSemPendAbort
                0x0401df48                OSSemPost
                0x0401e070                OSSemQuery
                0x0401e1a0                OSSemSet
 .text          0x0401e2a4     0x1a40 ../ROVER_bsp/\libucosii_bsp.a(os_task.o)
                0x0401e2a4                OSTaskChangePrio
                0x0401e818                OSTaskCreate
                0x0401e9ec                OSTaskCreateExt
                0x0401ebec                OSTaskDel
                0x0401eff8                OSTaskDelReq
                0x0401f168                OSTaskNameGet
                0x0401f320                OSTaskNameSet
                0x0401f4e4                OSTaskResume
                0x0401f6fc                OSTaskStkChk
                0x0401f8f8                OSTaskSuspend
                0x0401fb24                OSTaskQuery
                0x0401fc68                OS_TaskStkClr
 .text          0x0401fce4      0x5b4 ../ROVER_bsp/\libucosii_bsp.a(os_time.o)
                0x0401fce4                OSTimeDly
                0x0401fe30                OSTimeDlyHMSM
                0x0401ffc0                OSTimeDlyResume
                0x040201d0                OSTimeGet
                0x04020234                OSTimeSet
 .text          0x04020298       0xd0 ../ROVER_bsp/\libucosii_bsp.a(alt_sys_init.o)
                0x04020298                alt_irq_init
                0x040202cc                alt_sys_init
 .text          0x04020368      0x9e4 ../ROVER_bsp/\libucosii_bsp.a(altera_avalon_epcs_flash_controller.o)
                0x04020368                alt_epcs_flash_init
                0x04020784                alt_epcs_flash_write
                0x04020a04                alt_epcs_flash_get_info
                0x04020a94                alt_epcs_flash_erase_block
                0x04020b98                alt_epcs_flash_write_block
                0x04020cb4                alt_epcs_flash_read
 .text          0x04020d4c      0x148 ../ROVER_bsp/\libucosii_bsp.a(altera_avalon_jtag_uart_fd.o)
                0x04020d4c                altera_avalon_jtag_uart_read_fd
                0x04020da4                altera_avalon_jtag_uart_write_fd
                0x04020dfc                altera_avalon_jtag_uart_close_fd
                0x04020e44                altera_avalon_jtag_uart_ioctl_fd
 .text          0x04020e94      0x584 ../ROVER_bsp/\libucosii_bsp.a(altera_avalon_jtag_uart_init.o)
                0x04020e94                altera_avalon_jtag_uart_init
                0x040213a4                altera_avalon_jtag_uart_close
 .text          0x04021418       0xf4 ../ROVER_bsp/\libucosii_bsp.a(altera_avalon_jtag_uart_ioctl.o)
                0x04021418                altera_avalon_jtag_uart_ioctl
 .text          0x0402150c      0x2c0 ../ROVER_bsp/\libucosii_bsp.a(altera_avalon_jtag_uart_read.o)
                0x0402150c                altera_avalon_jtag_uart_read
 .text          0x040217cc      0x2dc ../ROVER_bsp/\libucosii_bsp.a(altera_avalon_jtag_uart_write.o)
                0x040217cc                altera_avalon_jtag_uart_write
 .text          0x04021aa8      0x100 ../ROVER_bsp/\libucosii_bsp.a(altera_avalon_timer_sc.o)
                0x04021b18                alt_avalon_timer_sc_init
 .text          0x04021ba8      0x6d4 ../ROVER_bsp/\libucosii_bsp.a(epcs_commands.o)
                0x04021ba8                epcs_read_status_register
                0x04021c08                epcs_sector_erase
                0x04021d70                epcs_read_buffer
                0x04021ebc                epcs_write_enable
                0x04021f0c                epcs_write_status_register
                0x04021f70                epcs_write_buffer
                0x040220e0                epcs_read_electronic_signature
                0x0402214c                epcs_read_device_id
                0x040221cc                epcs_enter_4_bytes_mode
                0x04022224                epcs_exit_4_bytes_mode
 .text          0x0402227c      0x154 ../ROVER_bsp/\libucosii_bsp.a(alt_alarm_start.o)
                0x0402227c                alt_alarm_start
 .text          0x040223d0      0x15c ../ROVER_bsp/\libucosii_bsp.a(alt_busy_sleep.o)
                0x040223d0                alt_busy_sleep
 .text          0x0402252c      0x114 ../ROVER_bsp/\libucosii_bsp.a(alt_dev_llist_insert.o)
                0x0402252c                alt_dev_llist_insert
 .text          0x04022640       0x64 ../ROVER_bsp/\libucosii_bsp.a(alt_do_ctors.o)
                0x04022640                _do_ctors
 .text          0x040226a4       0x64 ../ROVER_bsp/\libucosii_bsp.a(alt_do_dtors.o)
                0x040226a4                _do_dtors
 .text          0x04022708       0x94 ../ROVER_bsp/\libucosii_bsp.a(alt_find_dev.o)
                0x04022708                alt_find_dev
 .text          0x0402279c      0x1d4 ../ROVER_bsp/\libucosii_bsp.a(alt_iic.o)
                0x0402279c                alt_ic_isr_register
                0x040227ec                alt_ic_irq_enable
                0x04022888                alt_ic_irq_disable
                0x04022928                alt_ic_irq_enabled
 .text          0x04022970       0xf8 ../ROVER_bsp/\libucosii_bsp.a(alt_iic_isr_register.o)
                0x04022970                alt_iic_isr_register
 .text          0x04022a68      0x150 ../ROVER_bsp/\libucosii_bsp.a(alt_io_redirect.o)
                0x04022b40                alt_io_redirect
 .text          0x04022bb8        0x0 ../ROVER_bsp/\libucosii_bsp.a(alt_irq_entry.o)
 .text          0x04022bb8        0x0 ../ROVER_bsp/\libucosii_bsp.a(alt_irq_handler.o)
 .text          0x04022bb8        0x0 ../ROVER_bsp/\libucosii_bsp.a(alt_irq_vars.o)
 .text          0x04022bb8      0x2e4 ../ROVER_bsp/\libucosii_bsp.a(alt_open.o)
                0x04022cb0                open
 .text          0x04022e9c       0x20 ../ROVER_bsp/\libucosii_bsp.a(altera_nios2_qsys_irq.o)
                0x04022e9c                altera_nios2_qsys_irq_init
 .text          0x04022ebc       0xd0 ../ROVER_bsp/\libucosii_bsp.a(os_cpu_a.o)
                0x04022ebc                OSCtxSw
                0x04022ebc                OSIntCtxSw
                0x04022f48                OSStartHighRdy
                0x04022f68                OSStartTsk
 .text          0x04022f8c      0x418 ../ROVER_bsp/\libucosii_bsp.a(os_cpu_c.o)
                0x04022f8c                OSTaskStkInit
                0x0402329c                OSTaskCreateHook
                0x040232bc                OSTaskDelHook
                0x040232dc                OSTaskSwHook
                0x040232f8                OSTaskStatHook
                0x04023314                OSTimeTickHook
                0x04023330                OSInitHookBegin
                0x0402334c                OSInitHookEnd
                0x04023368                OSTaskIdleHook
                0x04023384                OSTCBInitHook
 .text          0x040233a4      0x238 ../ROVER_bsp/\libucosii_bsp.a(altera_avalon_spi.o)
                0x040233a4                alt_avalon_spi_command
 .text          0x040235dc        0x0 ../ROVER_bsp/\libucosii_bsp.a(alt_exception_entry.o)
 .text          0x040235dc      0x120 ../ROVER_bsp/\libucosii_bsp.a(alt_find_file.o)
                0x040235dc                alt_find_file
 .text          0x040236fc      0x104 ../ROVER_bsp/\libucosii_bsp.a(alt_get_fd.o)
                0x040236fc                alt_get_fd
 .text          0x04023800       0x14 c:/altera/12.1sp1/nios2eds/bin/gnu/h-i686-mingw32/bin/../lib/gcc/nios2-elf/4.1.2/../../../../nios2-elf/lib/mno-hw-mul\libc.a(lib_a-atexit.o)
                0x04023800                atexit
 .text          0x04023814       0x38 c:/altera/12.1sp1/nios2eds/bin/gnu/h-i686-mingw32/bin/../lib/gcc/nios2-elf/4.1.2/../../../../nios2-elf/lib/mno-hw-mul\libc.a(lib_a-exit.o)
                0x04023814                exit
 .text          0x0402384c       0x74 c:/altera/12.1sp1/nios2eds/bin/gnu/h-i686-mingw32/bin/../lib/gcc/nios2-elf/4.1.2/../../../../nios2-elf/lib/mno-hw-mul\libc.a(lib_a-memcmp.o)
                0x0402384c                memcmp
 .text          0x040238c0      0x134 c:/altera/12.1sp1/nios2eds/bin/gnu/h-i686-mingw32/bin/../lib/gcc/nios2-elf/4.1.2/../../../../nios2-elf/lib/mno-hw-mul\libc.a(lib_a-__atexit.o)
                0x040238c0                __register_exitproc
 .text          0x040239f4      0x1b4 c:/altera/12.1sp1/nios2eds/bin/gnu/h-i686-mingw32/bin/../lib/gcc/nios2-elf/4.1.2/../../../../nios2-elf/lib/mno-hw-mul\libc.a(lib_a-__call_atexit.o)
                0x040239f8                __call_exitprocs
 .text          0x04023ba8       0x6c ../ROVER_bsp/\libucosii_bsp.a(alt_exit.o)
                0x04023be8                _exit
 *(.gnu.warning.*)
 *(.fini)
                0x04023c14                PROVIDE (__etext, ABSOLUTE (.))
                0x04023c14                PROVIDE (_etext, ABSOLUTE (.))
                0x04023c14                PROVIDE (etext, ABSOLUTE (.))
 *(.eh_frame_hdr)
                0x04023c14                . = ALIGN (0x4)
                0x04023c14                PROVIDE (__preinit_array_start, ABSOLUTE (.))
 *(.preinit_array)
                0x04023c14                PROVIDE (__preinit_array_end, ABSOLUTE (.))
                0x04023c14                PROVIDE (__init_array_start, ABSOLUTE (.))
 *(.init_array)
                0x04023c14                PROVIDE (__init_array_end, ABSOLUTE (.))
                0x04023c14                PROVIDE (__fini_array_start, ABSOLUTE (.))
 *(.fini_array)
                0x04023c14                PROVIDE (__fini_array_end, ABSOLUTE (.))
 *(.eh_frame)
 *(.gcc_except_table)
 *(.dynamic)
                0x04023c14                PROVIDE (__CTOR_LIST__, ABSOLUTE (.))
 *(.ctors)
 *(SORT(.ctors.*))
 .ctors.65535   0x04023c14        0x4 c:/altera/12.1sp1/nios2eds/bin/gnu/h-i686-mingw32/bin/../lib/gcc/nios2-elf/4.1.2/../../../../nios2-elf/lib/mno-hw-mul\libc.a(lib_a-__call_atexit.o)
                0x04023c18                PROVIDE (__CTOR_END__, ABSOLUTE (.))
                0x04023c18                PROVIDE (__DTOR_LIST__, ABSOLUTE (.))
 *(.dtors)
 *(SORT(.dtors.*))
                0x04023c18                PROVIDE (__DTOR_END__, ABSOLUTE (.))
 *(.jcr)
                0x04023c18                . = ALIGN (0x4)

.rodata         0x04023c18      0xff8
                0x04023c18                PROVIDE (__ram_rodata_start, ABSOLUTE (.))
                0x04023c18                . = ALIGN (0x4)
 *(.rodata .rodata.* .gnu.linkonce.r.*)
 .rodata        0x04023c18       0x4c obj/default/lib/I2C.o
 .rodata        0x04023c64      0x118 obj/default/lib/LSM303.o
 .rodata        0x04023d7c      0x198 obj/default/lib/flash.o
 .rodata        0x04023f14       0x94 obj/default/lib/motors.o
 .rodata        0x04023fa8      0x250 obj/default/main.o
 .rodata        0x040241f8       0x28 obj/default/map.o
 .rodata        0x04024220      0x22c obj/default/nav.o
 .rodata.str1.4
                0x0402444c        0x5 c:/altera/12.1sp1/nios2eds/bin/gnu/h-i686-mingw32/bin/../lib/gcc/nios2-elf/4.1.2/../../../../nios2-elf/lib/mno-hw-mul\libm.a(lib_a-w_sqrt.o)
                                  0x8 (size before relaxing)
 *fill*         0x04024451        0x3 00
 .rodata        0x04024454       0x40 c:/altera/12.1sp1/nios2eds/bin/gnu/h-i686-mingw32/bin/../lib/gcc/nios2-elf/4.1.2/../../../../nios2-elf/lib/mno-hw-mul\libm.a(lib_a-s_atan.o)
 .rodata        0x04024494       0x10 c:/altera/12.1sp1/nios2eds/bin/gnu/h-i686-mingw32/bin/../lib/gcc/nios2-elf/4.1.2/mno-hw-mul\libgcc.a(_thenan_sf.o)
                0x04024494                __thenan_sf
 .rodata        0x040244a4       0x14 c:/altera/12.1sp1/nios2eds/bin/gnu/h-i686-mingw32/bin/../lib/gcc/nios2-elf/4.1.2/mno-hw-mul\libgcc.a(_thenan_df.o)
                0x040244a4                __thenan_df
 .rodata        0x040244b8      0x100 c:/altera/12.1sp1/nios2eds/bin/gnu/h-i686-mingw32/bin/../lib/gcc/nios2-elf/4.1.2/mno-hw-mul\libgcc.a(_clz.o)
                0x040244b8                __clz_tab
 .rodata.str1.4
                0x040245b8        0x2 c:/altera/12.1sp1/nios2eds/bin/gnu/h-i686-mingw32/bin/../lib/gcc/nios2-elf/4.1.2/../../../../nios2-elf/lib/mno-hw-mul\libc.a(lib_a-impure.o)
                                  0x4 (size before relaxing)
 *fill*         0x040245ba        0x2 00
 .rodata.str1.4
                0x040245bc        0x2 c:/altera/12.1sp1/nios2eds/bin/gnu/h-i686-mingw32/bin/../lib/gcc/nios2-elf/4.1.2/../../../../nios2-elf/lib/mno-hw-mul\libc.a(lib_a-puts.o)
                                  0x4 (size before relaxing)
 *fill*         0x040245be        0x2 00
 .rodata.str1.4
                0x040245c0       0x5e c:/altera/12.1sp1/nios2eds/bin/gnu/h-i686-mingw32/bin/../lib/gcc/nios2-elf/4.1.2/../../../../nios2-elf/lib/mno-hw-mul\libc.a(lib_a-vfprintf.o)
                                 0x60 (size before relaxing)
 .rodata        0x0402461e       0x20 c:/altera/12.1sp1/nios2eds/bin/gnu/h-i686-mingw32/bin/../lib/gcc/nios2-elf/4.1.2/../../../../nios2-elf/lib/mno-hw-mul\libc.a(lib_a-vfprintf.o)
 *fill*         0x0402463e        0x2 00
 .rodata.str1.4
                0x04024640        0x5 c:/altera/12.1sp1/nios2eds/bin/gnu/h-i686-mingw32/bin/../lib/gcc/nios2-elf/4.1.2/../../../../nios2-elf/lib/mno-hw-mul\libc.a(lib_a-vfscanf.o)
                                  0x8 (size before relaxing)
 *fill*         0x04024645        0x1 00
 .rodata        0x04024646       0x22 c:/altera/12.1sp1/nios2eds/bin/gnu/h-i686-mingw32/bin/../lib/gcc/nios2-elf/4.1.2/../../../../nios2-elf/lib/mno-hw-mul\libc.a(lib_a-vfscanf.o)
 .rodata        0x04024668      0x281 c:/altera/12.1sp1/nios2eds/bin/gnu/h-i686-mingw32/bin/../lib/gcc/nios2-elf/4.1.2/../../../../nios2-elf/lib/mno-hw-mul\libc.a(lib_a-ctype_.o)
                0x04024668                _ctype_
 *fill*         0x040248e9        0x3 00
 .rodata.str1.4
                0x040248ec       0x10 c:/altera/12.1sp1/nios2eds/bin/gnu/h-i686-mingw32/bin/../lib/gcc/nios2-elf/4.1.2/../../../../nios2-elf/lib/mno-hw-mul\libc.a(lib_a-dtoa.o)
                                 0x14 (size before relaxing)
 .rodata.str1.4
                0x040248fc        0xf c:/altera/12.1sp1/nios2eds/bin/gnu/h-i686-mingw32/bin/../lib/gcc/nios2-elf/4.1.2/../../../../nios2-elf/lib/mno-hw-mul\libc.a(lib_a-locale.o)
                                 0x18 (size before relaxing)
 *fill*         0x0402490b        0x1 00
 .rodata        0x0402490c       0x30 c:/altera/12.1sp1/nios2eds/bin/gnu/h-i686-mingw32/bin/../lib/gcc/nios2-elf/4.1.2/../../../../nios2-elf/lib/mno-hw-mul\libc.a(lib_a-locale.o)
 .rodata.str1.4
                0x00000000        0x4 c:/altera/12.1sp1/nios2eds/bin/gnu/h-i686-mingw32/bin/../lib/gcc/nios2-elf/4.1.2/../../../../nios2-elf/lib/mno-hw-mul\libc.a(lib_a-mbrtowc.o)
 .rodata        0x0402493c      0x124 c:/altera/12.1sp1/nios2eds/bin/gnu/h-i686-mingw32/bin/../lib/gcc/nios2-elf/4.1.2/../../../../nios2-elf/lib/mno-hw-mul\libc.a(lib_a-mprec.o)
                0x0402493c                __mprec_tens
                0x04024a04                __mprec_bigtens
                0x04024a2c                __mprec_tinytens
 .rodata.str1.4
                0x04024a60        0xf c:/altera/12.1sp1/nios2eds/bin/gnu/h-i686-mingw32/bin/../lib/gcc/nios2-elf/4.1.2/../../../../nios2-elf/lib/mno-hw-mul\libc.a(lib_a-strtod.o)
                                 0x10 (size before relaxing)
 *fill*         0x04024a6f        0x1 00
 .rodata        0x04024a70       0x28 c:/altera/12.1sp1/nios2eds/bin/gnu/h-i686-mingw32/bin/../lib/gcc/nios2-elf/4.1.2/../../../../nios2-elf/lib/mno-hw-mul\libc.a(lib_a-strtod.o)
 .rodata.str1.4
                0x04024a98       0x1c c:/altera/12.1sp1/nios2eds/bin/gnu/h-i686-mingw32/bin/../lib/gcc/nios2-elf/4.1.2/../../../../nios2-elf/lib/mno-hw-mul\libc.a(lib_a-gdtoa-gethex.o)
 .rodata        0x04024ab4        0xc ../ROVER_bsp/\libucosii_bsp.a(alt_dev.o)
 .rodata        0x04024ac0       0x10 ../ROVER_bsp/\libucosii_bsp.a(alt_main.o)
 .rodata        0x04024ad0      0x120 ../ROVER_bsp/\libucosii_bsp.a(os_core.o)
                0x04024ad0                OSUnMapTbl
 .rodata        0x04024bf0       0x1c ../ROVER_bsp/\libucosii_bsp.a(alt_sys_init.o)
 .rodata        0x04024c0c        0x4 ../ROVER_bsp/\libucosii_bsp.a(os_cpu_c.o)
 *(.rodata1)
                0x04024c10                . = ALIGN (0x4)
                0x04024c10                PROVIDE (__ram_rodata_end, ABSOLUTE (.))
                0x04023c18                PROVIDE (__flash_rodata_start, LOADADDR (.rodata))

.rwdata         0x04024c10     0x1ddc
                0x04024c10                PROVIDE (__ram_rwdata_start, ABSOLUTE (.))
                0x04024c10                . = ALIGN (0x4)
 *(.got.plt)
 *(.got)
 *(.data1)
 *(.data .data.* .gnu.linkonce.d.*)
 .data          0x04024c10        0x0 ../ROVER_bsp//obj/HAL/src/crt0.o
 .data          0x04024c10        0x0 obj/default/lib/I2C.o
 .data          0x04024c10        0x0 obj/default/lib/LSM303.o
 .data          0x04024c10        0x0 obj/default/lib/accelerometer_adxl345_spi.o
 .data          0x04024c10        0x0 obj/default/lib/adc_spi_read.o
 .data          0x04024c10        0x0 obj/default/lib/flash.o
 .data          0x04024c10        0x0 obj/default/lib/motors.o
 .data          0x04024c10        0x0 obj/default/lib/terasic_spi.o
 .data          0x04024c10      0x1f8 obj/default/main.o
 .data          0x04024e08        0x0 obj/default/map.o
 .data          0x04024e08        0x0 obj/default/nav.o
 .data          0x04024e08        0x0 c:/altera/12.1sp1/nios2eds/bin/gnu/h-i686-mingw32/bin/../lib/gcc/nios2-elf/4.1.2/../../../../nios2-elf/lib/mno-hw-mul\libm.a(lib_a-s_fmax.o)
 .data          0x04024e08        0x0 c:/altera/12.1sp1/nios2eds/bin/gnu/h-i686-mingw32/bin/../lib/gcc/nios2-elf/4.1.2/../../../../nios2-elf/lib/mno-hw-mul\libm.a(lib_a-s_fmin.o)
 .data          0x04024e08        0x0 c:/altera/12.1sp1/nios2eds/bin/gnu/h-i686-mingw32/bin/../lib/gcc/nios2-elf/4.1.2/../../../../nios2-elf/lib/mno-hw-mul\libm.a(lib_a-s_fpclassify.o)
 .data          0x04024e08        0x0 c:/altera/12.1sp1/nios2eds/bin/gnu/h-i686-mingw32/bin/../lib/gcc/nios2-elf/4.1.2/../../../../nios2-elf/lib/mno-hw-mul\libm.a(lib_a-s_round.o)
 .data          0x04024e08        0x0 c:/altera/12.1sp1/nios2eds/bin/gnu/h-i686-mingw32/bin/../lib/gcc/nios2-elf/4.1.2/../../../../nios2-elf/lib/mno-hw-mul\libm.a(lib_a-w_atan2.o)
 .data          0x04024e08        0x0 c:/altera/12.1sp1/nios2eds/bin/gnu/h-i686-mingw32/bin/../lib/gcc/nios2-elf/4.1.2/../../../../nios2-elf/lib/mno-hw-mul\libm.a(lib_a-w_sqrt.o)
 .data          0x04024e08        0x0 c:/altera/12.1sp1/nios2eds/bin/gnu/h-i686-mingw32/bin/../lib/gcc/nios2-elf/4.1.2/../../../../nios2-elf/lib/mno-hw-mul\libm.a(lib_a-e_atan2.o)
 .data          0x04024e08        0x0 c:/altera/12.1sp1/nios2eds/bin/gnu/h-i686-mingw32/bin/../lib/gcc/nios2-elf/4.1.2/../../../../nios2-elf/lib/mno-hw-mul\libm.a(lib_a-e_sqrt.o)
 .data          0x04024e08        0x0 c:/altera/12.1sp1/nios2eds/bin/gnu/h-i686-mingw32/bin/../lib/gcc/nios2-elf/4.1.2/../../../../nios2-elf/lib/mno-hw-mul\libm.a(lib_a-s_atan.o)
 .data          0x04024e08        0x0 c:/altera/12.1sp1/nios2eds/bin/gnu/h-i686-mingw32/bin/../lib/gcc/nios2-elf/4.1.2/../../../../nios2-elf/lib/mno-hw-mul\libm.a(lib_a-s_fabs.o)
 .data          0x04024e08        0x0 c:/altera/12.1sp1/nios2eds/bin/gnu/h-i686-mingw32/bin/../lib/gcc/nios2-elf/4.1.2/../../../../nios2-elf/lib/mno-hw-mul\libm.a(lib_a-s_isnand.o)
 .data          0x04024e08        0x0 c:/altera/12.1sp1/nios2eds/bin/gnu/h-i686-mingw32/bin/../lib/gcc/nios2-elf/4.1.2/../../../../nios2-elf/lib/mno-hw-mul\libm.a(lib_a-s_lib_ver.o)
 .data          0x04024e08        0x0 c:/altera/12.1sp1/nios2eds/bin/gnu/h-i686-mingw32/bin/../lib/gcc/nios2-elf/4.1.2/../../../../nios2-elf/lib/mno-hw-mul\libm.a(lib_a-s_matherr.o)
 .data          0x04024e08        0x0 c:/altera/12.1sp1/nios2eds/bin/gnu/h-i686-mingw32/bin/../lib/gcc/nios2-elf/4.1.2/mno-hw-mul\libgcc.a(_addsub_sf.o)
 .data          0x04024e08        0x0 c:/altera/12.1sp1/nios2eds/bin/gnu/h-i686-mingw32/bin/../lib/gcc/nios2-elf/4.1.2/mno-hw-mul\libgcc.a(_mul_sf.o)
 .data          0x04024e08        0x0 c:/altera/12.1sp1/nios2eds/bin/gnu/h-i686-mingw32/bin/../lib/gcc/nios2-elf/4.1.2/mno-hw-mul\libgcc.a(_div_sf.o)
 .data          0x04024e08        0x0 c:/altera/12.1sp1/nios2eds/bin/gnu/h-i686-mingw32/bin/../lib/gcc/nios2-elf/4.1.2/mno-hw-mul\libgcc.a(_gt_sf.o)
 .data          0x04024e08        0x0 c:/altera/12.1sp1/nios2eds/bin/gnu/h-i686-mingw32/bin/../lib/gcc/nios2-elf/4.1.2/mno-hw-mul\libgcc.a(_sf_to_si.o)
 .data          0x04024e08        0x0 c:/altera/12.1sp1/nios2eds/bin/gnu/h-i686-mingw32/bin/../lib/gcc/nios2-elf/4.1.2/mno-hw-mul\libgcc.a(_sf_to_df.o)
 .data          0x04024e08        0x0 c:/altera/12.1sp1/nios2eds/bin/gnu/h-i686-mingw32/bin/../lib/gcc/nios2-elf/4.1.2/mno-hw-mul\libgcc.a(_thenan_sf.o)
 .data          0x04024e08        0x0 c:/altera/12.1sp1/nios2eds/bin/gnu/h-i686-mingw32/bin/../lib/gcc/nios2-elf/4.1.2/mno-hw-mul\libgcc.a(_usi_to_sf.o)
 .data          0x04024e08        0x0 c:/altera/12.1sp1/nios2eds/bin/gnu/h-i686-mingw32/bin/../lib/gcc/nios2-elf/4.1.2/mno-hw-mul\libgcc.a(_addsub_df.o)
 .data          0x04024e08        0x0 c:/altera/12.1sp1/nios2eds/bin/gnu/h-i686-mingw32/bin/../lib/gcc/nios2-elf/4.1.2/mno-hw-mul\libgcc.a(_mul_df.o)
 .data          0x04024e08        0x0 c:/altera/12.1sp1/nios2eds/bin/gnu/h-i686-mingw32/bin/../lib/gcc/nios2-elf/4.1.2/mno-hw-mul\libgcc.a(_div_df.o)
 .data          0x04024e08        0x0 c:/altera/12.1sp1/nios2eds/bin/gnu/h-i686-mingw32/bin/../lib/gcc/nios2-elf/4.1.2/mno-hw-mul\libgcc.a(_gt_df.o)
 .data          0x04024e08        0x0 c:/altera/12.1sp1/nios2eds/bin/gnu/h-i686-mingw32/bin/../lib/gcc/nios2-elf/4.1.2/mno-hw-mul\libgcc.a(_ge_df.o)
 .data          0x04024e08        0x0 c:/altera/12.1sp1/nios2eds/bin/gnu/h-i686-mingw32/bin/../lib/gcc/nios2-elf/4.1.2/mno-hw-mul\libgcc.a(_lt_df.o)
 .data          0x04024e08        0x0 c:/altera/12.1sp1/nios2eds/bin/gnu/h-i686-mingw32/bin/../lib/gcc/nios2-elf/4.1.2/mno-hw-mul\libgcc.a(_le_df.o)
 .data          0x04024e08        0x0 c:/altera/12.1sp1/nios2eds/bin/gnu/h-i686-mingw32/bin/../lib/gcc/nios2-elf/4.1.2/mno-hw-mul\libgcc.a(_si_to_df.o)
 .data          0x04024e08        0x0 c:/altera/12.1sp1/nios2eds/bin/gnu/h-i686-mingw32/bin/../lib/gcc/nios2-elf/4.1.2/mno-hw-mul\libgcc.a(_df_to_si.o)
 .data          0x04024e08        0x0 c:/altera/12.1sp1/nios2eds/bin/gnu/h-i686-mingw32/bin/../lib/gcc/nios2-elf/4.1.2/mno-hw-mul\libgcc.a(_make_df.o)
 .data          0x04024e08        0x0 c:/altera/12.1sp1/nios2eds/bin/gnu/h-i686-mingw32/bin/../lib/gcc/nios2-elf/4.1.2/mno-hw-mul\libgcc.a(_df_to_sf.o)
 .data          0x04024e08        0x0 c:/altera/12.1sp1/nios2eds/bin/gnu/h-i686-mingw32/bin/../lib/gcc/nios2-elf/4.1.2/mno-hw-mul\libgcc.a(_thenan_df.o)
 .data          0x04024e08        0x0 c:/altera/12.1sp1/nios2eds/bin/gnu/h-i686-mingw32/bin/../lib/gcc/nios2-elf/4.1.2/mno-hw-mul\libgcc.a(lib2-divmod.o)
 .data          0x04024e08        0x0 c:/altera/12.1sp1/nios2eds/bin/gnu/h-i686-mingw32/bin/../lib/gcc/nios2-elf/4.1.2/mno-hw-mul\libgcc.a(lib2-mul.o)
 .data          0x04024e08        0x0 c:/altera/12.1sp1/nios2eds/bin/gnu/h-i686-mingw32/bin/../lib/gcc/nios2-elf/4.1.2/mno-hw-mul\libgcc.a(_muldi3.o)
 .data          0x04024e08        0x0 c:/altera/12.1sp1/nios2eds/bin/gnu/h-i686-mingw32/bin/../lib/gcc/nios2-elf/4.1.2/mno-hw-mul\libgcc.a(_clzsi2.o)
 .data          0x04024e08        0x0 c:/altera/12.1sp1/nios2eds/bin/gnu/h-i686-mingw32/bin/../lib/gcc/nios2-elf/4.1.2/mno-hw-mul\libgcc.a(_pack_sf.o)
 .data          0x04024e08        0x0 c:/altera/12.1sp1/nios2eds/bin/gnu/h-i686-mingw32/bin/../lib/gcc/nios2-elf/4.1.2/mno-hw-mul\libgcc.a(_unpack_sf.o)
 .data          0x04024e08        0x0 c:/altera/12.1sp1/nios2eds/bin/gnu/h-i686-mingw32/bin/../lib/gcc/nios2-elf/4.1.2/mno-hw-mul\libgcc.a(_fpcmp_parts_sf.o)
 .data          0x04024e08        0x0 c:/altera/12.1sp1/nios2eds/bin/gnu/h-i686-mingw32/bin/../lib/gcc/nios2-elf/4.1.2/mno-hw-mul\libgcc.a(_make_sf.o)
 .data          0x04024e08        0x0 c:/altera/12.1sp1/nios2eds/bin/gnu/h-i686-mingw32/bin/../lib/gcc/nios2-elf/4.1.2/mno-hw-mul\libgcc.a(_pack_df.o)
 .data          0x04024e08        0x0 c:/altera/12.1sp1/nios2eds/bin/gnu/h-i686-mingw32/bin/../lib/gcc/nios2-elf/4.1.2/mno-hw-mul\libgcc.a(_unpack_df.o)
 .data          0x04024e08        0x0 c:/altera/12.1sp1/nios2eds/bin/gnu/h-i686-mingw32/bin/../lib/gcc/nios2-elf/4.1.2/mno-hw-mul\libgcc.a(_fpcmp_parts_df.o)
 .data          0x04024e08        0x0 c:/altera/12.1sp1/nios2eds/bin/gnu/h-i686-mingw32/bin/../lib/gcc/nios2-elf/4.1.2/mno-hw-mul\libgcc.a(_clz.o)
 .data          0x04024e08        0x0 c:/altera/12.1sp1/nios2eds/bin/gnu/h-i686-mingw32/bin/../lib/gcc/nios2-elf/4.1.2/../../../../nios2-elf/lib/mno-hw-mul\libc.a(lib_a-errno.o)
 .data          0x04024e08      0x400 c:/altera/12.1sp1/nios2eds/bin/gnu/h-i686-mingw32/bin/../lib/gcc/nios2-elf/4.1.2/../../../../nios2-elf/lib/mno-hw-mul\libc.a(lib_a-impure.o)
 .data          0x04025208        0x0 c:/altera/12.1sp1/nios2eds/bin/gnu/h-i686-mingw32/bin/../lib/gcc/nios2-elf/4.1.2/../../../../nios2-elf/lib/mno-hw-mul\libc.a(lib_a-malloc.o)
 .data          0x04025208      0x408 c:/altera/12.1sp1/nios2eds/bin/gnu/h-i686-mingw32/bin/../lib/gcc/nios2-elf/4.1.2/../../../../nios2-elf/lib/mno-hw-mul\libc.a(lib_a-mallocr.o)
                0x04025208                __malloc_av_
 .data          0x04025610        0x0 c:/altera/12.1sp1/nios2eds/bin/gnu/h-i686-mingw32/bin/../lib/gcc/nios2-elf/4.1.2/../../../../nios2-elf/lib/mno-hw-mul\libc.a(lib_a-printf.o)
 .data          0x04025610        0x0 c:/altera/12.1sp1/nios2eds/bin/gnu/h-i686-mingw32/bin/../lib/gcc/nios2-elf/4.1.2/../../../../nios2-elf/lib/mno-hw-mul\libc.a(lib_a-puts.o)
 .data          0x04025610        0x0 c:/altera/12.1sp1/nios2eds/bin/gnu/h-i686-mingw32/bin/../lib/gcc/nios2-elf/4.1.2/../../../../nios2-elf/lib/mno-hw-mul\libc.a(lib_a-sbrkr.o)
 .data          0x04025610        0x0 c:/altera/12.1sp1/nios2eds/bin/gnu/h-i686-mingw32/bin/../lib/gcc/nios2-elf/4.1.2/../../../../nios2-elf/lib/mno-hw-mul\libc.a(lib_a-scanf.o)
 .data          0x04025610        0x0 c:/altera/12.1sp1/nios2eds/bin/gnu/h-i686-mingw32/bin/../lib/gcc/nios2-elf/4.1.2/../../../../nios2-elf/lib/mno-hw-mul\libc.a(lib_a-strlen.o)
 .data          0x04025610        0x0 c:/altera/12.1sp1/nios2eds/bin/gnu/h-i686-mingw32/bin/../lib/gcc/nios2-elf/4.1.2/../../../../nios2-elf/lib/mno-hw-mul\libc.a(lib_a-vfprintf.o)
 .data          0x04025610        0x0 c:/altera/12.1sp1/nios2eds/bin/gnu/h-i686-mingw32/bin/../lib/gcc/nios2-elf/4.1.2/../../../../nios2-elf/lib/mno-hw-mul\libc.a(lib_a-vfscanf.o)
 .data          0x04025610        0x0 c:/altera/12.1sp1/nios2eds/bin/gnu/h-i686-mingw32/bin/../lib/gcc/nios2-elf/4.1.2/../../../../nios2-elf/lib/mno-hw-mul\libc.a(lib_a-wsetup.o)
 .data          0x04025610        0x0 c:/altera/12.1sp1/nios2eds/bin/gnu/h-i686-mingw32/bin/../lib/gcc/nios2-elf/4.1.2/../../../../nios2-elf/lib/mno-hw-mul\libc.a(lib_a-ctype_.o)
 .data          0x04025610        0x0 c:/altera/12.1sp1/nios2eds/bin/gnu/h-i686-mingw32/bin/../lib/gcc/nios2-elf/4.1.2/../../../../nios2-elf/lib/mno-hw-mul\libc.a(lib_a-dtoa.o)
 .data          0x04025610        0x0 c:/altera/12.1sp1/nios2eds/bin/gnu/h-i686-mingw32/bin/../lib/gcc/nios2-elf/4.1.2/../../../../nios2-elf/lib/mno-hw-mul\libc.a(lib_a-fflush.o)
 .data          0x04025610        0x0 c:/altera/12.1sp1/nios2eds/bin/gnu/h-i686-mingw32/bin/../lib/gcc/nios2-elf/4.1.2/../../../../nios2-elf/lib/mno-hw-mul\libc.a(lib_a-findfp.o)
 .data          0x04025610        0x0 c:/altera/12.1sp1/nios2eds/bin/gnu/h-i686-mingw32/bin/../lib/gcc/nios2-elf/4.1.2/../../../../nios2-elf/lib/mno-hw-mul\libc.a(lib_a-fread.o)
 .data          0x04025610        0x0 c:/altera/12.1sp1/nios2eds/bin/gnu/h-i686-mingw32/bin/../lib/gcc/nios2-elf/4.1.2/../../../../nios2-elf/lib/mno-hw-mul\libc.a(lib_a-freer.o)
 .data          0x04025610        0x0 c:/altera/12.1sp1/nios2eds/bin/gnu/h-i686-mingw32/bin/../lib/gcc/nios2-elf/4.1.2/../../../../nios2-elf/lib/mno-hw-mul\libc.a(lib_a-fvwrite.o)
 .data          0x04025610        0x0 c:/altera/12.1sp1/nios2eds/bin/gnu/h-i686-mingw32/bin/../lib/gcc/nios2-elf/4.1.2/../../../../nios2-elf/lib/mno-hw-mul\libc.a(lib_a-fwalk.o)
 .data          0x04025610        0x0 c:/altera/12.1sp1/nios2eds/bin/gnu/h-i686-mingw32/bin/../lib/gcc/nios2-elf/4.1.2/../../../../nios2-elf/lib/mno-hw-mul\libc.a(lib_a-int_errno.o)
 .data          0x04025610        0x0 c:/altera/12.1sp1/nios2eds/bin/gnu/h-i686-mingw32/bin/../lib/gcc/nios2-elf/4.1.2/../../../../nios2-elf/lib/mno-hw-mul\libc.a(lib_a-iswspace.o)
 .data          0x04025610        0xc c:/altera/12.1sp1/nios2eds/bin/gnu/h-i686-mingw32/bin/../lib/gcc/nios2-elf/4.1.2/../../../../nios2-elf/lib/mno-hw-mul\libc.a(lib_a-locale.o)
                0x04025610                __lc_ctype
 .data          0x0402561c        0x0 c:/altera/12.1sp1/nios2eds/bin/gnu/h-i686-mingw32/bin/../lib/gcc/nios2-elf/4.1.2/../../../../nios2-elf/lib/mno-hw-mul\libc.a(lib_a-makebuf.o)
 .data          0x0402561c        0x0 c:/altera/12.1sp1/nios2eds/bin/gnu/h-i686-mingw32/bin/../lib/gcc/nios2-elf/4.1.2/../../../../nios2-elf/lib/mno-hw-mul\libc.a(lib_a-mbrtowc.o)
 .data          0x0402561c        0x0 c:/altera/12.1sp1/nios2eds/bin/gnu/h-i686-mingw32/bin/../lib/gcc/nios2-elf/4.1.2/../../../../nios2-elf/lib/mno-hw-mul\libc.a(lib_a-mbtowc_r.o)
 .data          0x0402561c        0x0 c:/altera/12.1sp1/nios2eds/bin/gnu/h-i686-mingw32/bin/../lib/gcc/nios2-elf/4.1.2/../../../../nios2-elf/lib/mno-hw-mul\libc.a(lib_a-memchr.o)
 .data          0x0402561c        0x0 c:/altera/12.1sp1/nios2eds/bin/gnu/h-i686-mingw32/bin/../lib/gcc/nios2-elf/4.1.2/../../../../nios2-elf/lib/mno-hw-mul\libc.a(lib_a-memcpy.o)
 .data          0x0402561c        0x0 c:/altera/12.1sp1/nios2eds/bin/gnu/h-i686-mingw32/bin/../lib/gcc/nios2-elf/4.1.2/../../../../nios2-elf/lib/mno-hw-mul\libc.a(lib_a-memmove.o)
 .data          0x0402561c        0x0 c:/altera/12.1sp1/nios2eds/bin/gnu/h-i686-mingw32/bin/../lib/gcc/nios2-elf/4.1.2/../../../../nios2-elf/lib/mno-hw-mul\libc.a(lib_a-memset.o)
 .data          0x0402561c        0x0 c:/altera/12.1sp1/nios2eds/bin/gnu/h-i686-mingw32/bin/../lib/gcc/nios2-elf/4.1.2/../../../../nios2-elf/lib/mno-hw-mul\libc.a(lib_a-mprec.o)
 .data          0x0402561c        0x0 c:/altera/12.1sp1/nios2eds/bin/gnu/h-i686-mingw32/bin/../lib/gcc/nios2-elf/4.1.2/../../../../nios2-elf/lib/mno-hw-mul\libc.a(lib_a-reallocr.o)
 .data          0x0402561c        0x0 c:/altera/12.1sp1/nios2eds/bin/gnu/h-i686-mingw32/bin/../lib/gcc/nios2-elf/4.1.2/../../../../nios2-elf/lib/mno-hw-mul\libc.a(lib_a-refill.o)
 .data          0x0402561c        0x0 c:/altera/12.1sp1/nios2eds/bin/gnu/h-i686-mingw32/bin/../lib/gcc/nios2-elf/4.1.2/../../../../nios2-elf/lib/mno-hw-mul\libc.a(lib_a-s_isinfd.o)
 .data          0x0402561c        0x0 c:/altera/12.1sp1/nios2eds/bin/gnu/h-i686-mingw32/bin/../lib/gcc/nios2-elf/4.1.2/../../../../nios2-elf/lib/mno-hw-mul\libc.a(lib_a-sccl.o)
 .data          0x0402561c        0x0 c:/altera/12.1sp1/nios2eds/bin/gnu/h-i686-mingw32/bin/../lib/gcc/nios2-elf/4.1.2/../../../../nios2-elf/lib/mno-hw-mul\libc.a(lib_a-sf_nan.o)
 .data          0x0402561c        0x0 c:/altera/12.1sp1/nios2eds/bin/gnu/h-i686-mingw32/bin/../lib/gcc/nios2-elf/4.1.2/../../../../nios2-elf/lib/mno-hw-mul\libc.a(lib_a-sprintf.o)
 .data          0x0402561c        0x0 c:/altera/12.1sp1/nios2eds/bin/gnu/h-i686-mingw32/bin/../lib/gcc/nios2-elf/4.1.2/../../../../nios2-elf/lib/mno-hw-mul\libc.a(lib_a-stdio.o)
 .data          0x0402561c        0x0 c:/altera/12.1sp1/nios2eds/bin/gnu/h-i686-mingw32/bin/../lib/gcc/nios2-elf/4.1.2/../../../../nios2-elf/lib/mno-hw-mul\libc.a(lib_a-strcmp.o)
 .data          0x0402561c       0x28 c:/altera/12.1sp1/nios2eds/bin/gnu/h-i686-mingw32/bin/../lib/gcc/nios2-elf/4.1.2/../../../../nios2-elf/lib/mno-hw-mul\libc.a(lib_a-strtod.o)
 .data          0x04025644        0x0 c:/altera/12.1sp1/nios2eds/bin/gnu/h-i686-mingw32/bin/../lib/gcc/nios2-elf/4.1.2/../../../../nios2-elf/lib/mno-hw-mul\libc.a(lib_a-strtol.o)
 .data          0x04025644        0x0 c:/altera/12.1sp1/nios2eds/bin/gnu/h-i686-mingw32/bin/../lib/gcc/nios2-elf/4.1.2/../../../../nios2-elf/lib/mno-hw-mul\libc.a(lib_a-strtoll_r.o)
 .data          0x04025644        0x0 c:/altera/12.1sp1/nios2eds/bin/gnu/h-i686-mingw32/bin/../lib/gcc/nios2-elf/4.1.2/../../../../nios2-elf/lib/mno-hw-mul\libc.a(lib_a-strtoul.o)
 .data          0x04025644        0x0 c:/altera/12.1sp1/nios2eds/bin/gnu/h-i686-mingw32/bin/../lib/gcc/nios2-elf/4.1.2/../../../../nios2-elf/lib/mno-hw-mul\libc.a(lib_a-strtoull_r.o)
 .data          0x04025644        0x0 c:/altera/12.1sp1/nios2eds/bin/gnu/h-i686-mingw32/bin/../lib/gcc/nios2-elf/4.1.2/../../../../nios2-elf/lib/mno-hw-mul\libc.a(lib_a-ungetc.o)
 .data          0x04025644        0x0 c:/altera/12.1sp1/nios2eds/bin/gnu/h-i686-mingw32/bin/../lib/gcc/nios2-elf/4.1.2/../../../../nios2-elf/lib/mno-hw-mul\libc.a(lib_a-writer.o)
 .data          0x04025644        0x0 c:/altera/12.1sp1/nios2eds/bin/gnu/h-i686-mingw32/bin/../lib/gcc/nios2-elf/4.1.2/../../../../nios2-elf/lib/mno-hw-mul\libc.a(lib_a-callocr.o)
 .data          0x04025644        0x0 c:/altera/12.1sp1/nios2eds/bin/gnu/h-i686-mingw32/bin/../lib/gcc/nios2-elf/4.1.2/../../../../nios2-elf/lib/mno-hw-mul\libc.a(lib_a-closer.o)
 .data          0x04025644        0x0 c:/altera/12.1sp1/nios2eds/bin/gnu/h-i686-mingw32/bin/../lib/gcc/nios2-elf/4.1.2/../../../../nios2-elf/lib/mno-hw-mul\libc.a(lib_a-fclose.o)
 .data          0x04025644        0x0 c:/altera/12.1sp1/nios2eds/bin/gnu/h-i686-mingw32/bin/../lib/gcc/nios2-elf/4.1.2/../../../../nios2-elf/lib/mno-hw-mul\libc.a(lib_a-fstatr.o)
 .data          0x04025644        0x0 c:/altera/12.1sp1/nios2eds/bin/gnu/h-i686-mingw32/bin/../lib/gcc/nios2-elf/4.1.2/../../../../nios2-elf/lib/mno-hw-mul\libc.a(lib_a-gdtoa-gethex.o)
 .data          0x04025644        0x0 c:/altera/12.1sp1/nios2eds/bin/gnu/h-i686-mingw32/bin/../lib/gcc/nios2-elf/4.1.2/../../../../nios2-elf/lib/mno-hw-mul\libc.a(lib_a-gdtoa-hexnan.o)
 .data          0x04025644        0x0 c:/altera/12.1sp1/nios2eds/bin/gnu/h-i686-mingw32/bin/../lib/gcc/nios2-elf/4.1.2/../../../../nios2-elf/lib/mno-hw-mul\libc.a(lib_a-isattyr.o)
 .data          0x04025644        0x0 c:/altera/12.1sp1/nios2eds/bin/gnu/h-i686-mingw32/bin/../lib/gcc/nios2-elf/4.1.2/../../../../nios2-elf/lib/mno-hw-mul\libc.a(lib_a-lseekr.o)
 .data          0x04025644        0x0 c:/altera/12.1sp1/nios2eds/bin/gnu/h-i686-mingw32/bin/../lib/gcc/nios2-elf/4.1.2/../../../../nios2-elf/lib/mno-hw-mul\libc.a(lib_a-readr.o)
 .data          0x04025644        0x0 c:/altera/12.1sp1/nios2eds/bin/gnu/h-i686-mingw32/bin/../lib/gcc/nios2-elf/4.1.2/mno-hw-mul\libgcc.a(_fixunsdfsi.o)
 .data          0x04025644        0x0 c:/altera/12.1sp1/nios2eds/bin/gnu/h-i686-mingw32/bin/../lib/gcc/nios2-elf/4.1.2/mno-hw-mul\libgcc.a(_udivdi3.o)
 .data          0x04025644        0x0 c:/altera/12.1sp1/nios2eds/bin/gnu/h-i686-mingw32/bin/../lib/gcc/nios2-elf/4.1.2/mno-hw-mul\libgcc.a(_umoddi3.o)
 .data          0x04025644        0x0 c:/altera/12.1sp1/nios2eds/bin/gnu/h-i686-mingw32/bin/../lib/gcc/nios2-elf/4.1.2/mno-hw-mul\libgcc.a(_ne_sf.o)
 .data          0x04025644        0x0 c:/altera/12.1sp1/nios2eds/bin/gnu/h-i686-mingw32/bin/../lib/gcc/nios2-elf/4.1.2/mno-hw-mul\libgcc.a(_lt_sf.o)
 .data          0x04025644        0x0 c:/altera/12.1sp1/nios2eds/bin/gnu/h-i686-mingw32/bin/../lib/gcc/nios2-elf/4.1.2/mno-hw-mul\libgcc.a(_eq_df.o)
 .data          0x04025644        0x0 c:/altera/12.1sp1/nios2eds/bin/gnu/h-i686-mingw32/bin/../lib/gcc/nios2-elf/4.1.2/mno-hw-mul\libgcc.a(_ne_df.o)
 .data          0x04025644        0x0 c:/altera/12.1sp1/nios2eds/bin/gnu/h-i686-mingw32/bin/../lib/gcc/nios2-elf/4.1.2/mno-hw-mul\libgcc.a(_usi_to_df.o)
 .data          0x04025644        0x0 ../ROVER_bsp/\libucosii_bsp.a(alt_close.o)
 .data          0x04025644        0x0 ../ROVER_bsp/\libucosii_bsp.a(alt_dcache_flush.o)
 .data          0x04025644        0x0 ../ROVER_bsp/\libucosii_bsp.a(alt_dcache_flush_all.o)
 .data          0x04025644      0x1a8 ../ROVER_bsp/\libucosii_bsp.a(alt_dev.o)
                0x04025644                alt_dev_null
                0x0402566c                alt_fd_list
 .data          0x040257ec        0x0 ../ROVER_bsp/\libucosii_bsp.a(alt_errno.o)
 .data          0x040257ec        0x0 ../ROVER_bsp/\libucosii_bsp.a(alt_flash_dev.o)
 .data          0x040257ec        0x0 ../ROVER_bsp/\libucosii_bsp.a(alt_fstat.o)
 .data          0x040257ec        0x0 ../ROVER_bsp/\libucosii_bsp.a(alt_isatty.o)
 .data          0x040257ec        0x0 ../ROVER_bsp/\libucosii_bsp.a(alt_lseek.o)
 .data          0x040257ec        0x0 ../ROVER_bsp/\libucosii_bsp.a(alt_main.o)
 .data          0x040257ec        0x0 ../ROVER_bsp/\libucosii_bsp.a(alt_read.o)
 .data          0x040257ec        0x0 ../ROVER_bsp/\libucosii_bsp.a(alt_release_fd.o)
 .data          0x040257ec        0x0 ../ROVER_bsp/\libucosii_bsp.a(alt_sbrk.o)
 .data          0x040257ec        0x0 ../ROVER_bsp/\libucosii_bsp.a(alt_tick.o)
 .data          0x040257ec        0x0 ../ROVER_bsp/\libucosii_bsp.a(alt_usleep.o)
 .data          0x040257ec        0x0 ../ROVER_bsp/\libucosii_bsp.a(alt_write.o)
 .data          0x040257ec        0x0 ../ROVER_bsp/\libucosii_bsp.a(alt_env_lock.o)
 .data          0x040257ec        0x0 ../ROVER_bsp/\libucosii_bsp.a(alt_malloc_lock.o)
 .data          0x040257ec        0x0 ../ROVER_bsp/\libucosii_bsp.a(os_core.o)
 .data          0x040257ec        0x0 ../ROVER_bsp/\libucosii_bsp.a(os_dbg.o)
 .data          0x040257ec        0x0 ../ROVER_bsp/\libucosii_bsp.a(os_flag.o)
 .data          0x040257ec        0x0 ../ROVER_bsp/\libucosii_bsp.a(os_mem.o)
 .data          0x040257ec        0x0 ../ROVER_bsp/\libucosii_bsp.a(os_q.o)
 .data          0x040257ec        0x0 ../ROVER_bsp/\libucosii_bsp.a(os_sem.o)
 .data          0x040257ec        0x0 ../ROVER_bsp/\libucosii_bsp.a(os_task.o)
 .data          0x040257ec        0x0 ../ROVER_bsp/\libucosii_bsp.a(os_time.o)
 .data          0x040257ec     0x1134 ../ROVER_bsp/\libucosii_bsp.a(alt_sys_init.o)
 .data          0x04026920        0x0 ../ROVER_bsp/\libucosii_bsp.a(altera_avalon_epcs_flash_controller.o)
 .data          0x04026920        0x0 ../ROVER_bsp/\libucosii_bsp.a(altera_avalon_jtag_uart_fd.o)
 .data          0x04026920        0x0 ../ROVER_bsp/\libucosii_bsp.a(altera_avalon_jtag_uart_init.o)
 .data          0x04026920        0x0 ../ROVER_bsp/\libucosii_bsp.a(altera_avalon_jtag_uart_ioctl.o)
 .data          0x04026920        0x0 ../ROVER_bsp/\libucosii_bsp.a(altera_avalon_jtag_uart_read.o)
 .data          0x04026920        0x0 ../ROVER_bsp/\libucosii_bsp.a(altera_avalon_jtag_uart_write.o)
 .data          0x04026920        0x0 ../ROVER_bsp/\libucosii_bsp.a(altera_avalon_timer_sc.o)
 .data          0x04026920        0x0 ../ROVER_bsp/\libucosii_bsp.a(epcs_commands.o)
 .data          0x04026920        0x0 ../ROVER_bsp/\libucosii_bsp.a(alt_alarm_start.o)
 .data          0x04026920        0x0 ../ROVER_bsp/\libucosii_bsp.a(alt_busy_sleep.o)
 .data          0x04026920        0x0 ../ROVER_bsp/\libucosii_bsp.a(alt_dev_llist_insert.o)
 .data          0x04026920        0x0 ../ROVER_bsp/\libucosii_bsp.a(alt_do_ctors.o)
 .data          0x04026920        0x0 ../ROVER_bsp/\libucosii_bsp.a(alt_do_dtors.o)
 .data          0x04026920        0x0 ../ROVER_bsp/\libucosii_bsp.a(alt_find_dev.o)
 .data          0x04026920        0x0 ../ROVER_bsp/\libucosii_bsp.a(alt_iic.o)
 .data          0x04026920        0x0 ../ROVER_bsp/\libucosii_bsp.a(alt_iic_isr_register.o)
 .data          0x04026920        0x0 ../ROVER_bsp/\libucosii_bsp.a(alt_io_redirect.o)
 .data          0x04026920        0x0 ../ROVER_bsp/\libucosii_bsp.a(alt_irq_entry.o)
 .data          0x04026920        0x0 ../ROVER_bsp/\libucosii_bsp.a(alt_irq_handler.o)
 .data          0x04026920        0x0 ../ROVER_bsp/\libucosii_bsp.a(alt_irq_vars.o)
 .data          0x04026920        0x0 ../ROVER_bsp/\libucosii_bsp.a(alt_open.o)
 .data          0x04026920        0x0 ../ROVER_bsp/\libucosii_bsp.a(altera_nios2_qsys_irq.o)
 .data          0x04026920        0x0 ../ROVER_bsp/\libucosii_bsp.a(os_cpu_a.o)
 .data          0x04026920        0x0 ../ROVER_bsp/\libucosii_bsp.a(os_cpu_c.o)
 .data          0x04026920        0x0 ../ROVER_bsp/\libucosii_bsp.a(altera_avalon_spi.o)
 .data          0x04026920        0x0 ../ROVER_bsp/\libucosii_bsp.a(alt_exception_entry.o)
 .data          0x04026920        0x0 ../ROVER_bsp/\libucosii_bsp.a(alt_find_file.o)
 .data          0x04026920        0x0 ../ROVER_bsp/\libucosii_bsp.a(alt_get_fd.o)
 .data          0x04026920        0x0 c:/altera/12.1sp1/nios2eds/bin/gnu/h-i686-mingw32/bin/../lib/gcc/nios2-elf/4.1.2/../../../../nios2-elf/lib/mno-hw-mul\libc.a(lib_a-atexit.o)
 .data          0x04026920        0x0 c:/altera/12.1sp1/nios2eds/bin/gnu/h-i686-mingw32/bin/../lib/gcc/nios2-elf/4.1.2/../../../../nios2-elf/lib/mno-hw-mul\libc.a(lib_a-exit.o)
 .data          0x04026920        0x0 c:/altera/12.1sp1/nios2eds/bin/gnu/h-i686-mingw32/bin/../lib/gcc/nios2-elf/4.1.2/../../../../nios2-elf/lib/mno-hw-mul\libc.a(lib_a-memcmp.o)
 .data          0x04026920        0x0 c:/altera/12.1sp1/nios2eds/bin/gnu/h-i686-mingw32/bin/../lib/gcc/nios2-elf/4.1.2/../../../../nios2-elf/lib/mno-hw-mul\libc.a(lib_a-__atexit.o)
 .data          0x04026920        0x0 c:/altera/12.1sp1/nios2eds/bin/gnu/h-i686-mingw32/bin/../lib/gcc/nios2-elf/4.1.2/../../../../nios2-elf/lib/mno-hw-mul\libc.a(lib_a-__call_atexit.o)
 .data          0x04026920        0x0 ../ROVER_bsp/\libucosii_bsp.a(alt_exit.o)
                0x0402e920                _gp = ABSOLUTE ((. + 0x8000))
                0x0402e920                PROVIDE (gp, _gp)
 *(.rwdata .rwdata.*)
 *(.sdata .sdata.* .gnu.linkonce.s.*)
 .sdata         0x04026920        0x4 c:/altera/12.1sp1/nios2eds/bin/gnu/h-i686-mingw32/bin/../lib/gcc/nios2-elf/4.1.2/../../../../nios2-elf/lib/mno-hw-mul\libm.a(lib_a-s_lib_ver.o)
                0x04026920                __fdlib_version
 .sdata         0x04026924        0x8 c:/altera/12.1sp1/nios2eds/bin/gnu/h-i686-mingw32/bin/../lib/gcc/nios2-elf/4.1.2/../../../../nios2-elf/lib/mno-hw-mul\libc.a(lib_a-impure.o)
                0x04026924                _impure_ptr
                0x04026928                _global_impure_ptr
 .sdata         0x0402692c        0x8 c:/altera/12.1sp1/nios2eds/bin/gnu/h-i686-mingw32/bin/../lib/gcc/nios2-elf/4.1.2/../../../../nios2-elf/lib/mno-hw-mul\libc.a(lib_a-mallocr.o)
                0x0402692c                __malloc_trim_threshold
                0x04026930                __malloc_sbrk_base
 .sdata         0x04026934        0x4 c:/altera/12.1sp1/nios2eds/bin/gnu/h-i686-mingw32/bin/../lib/gcc/nios2-elf/4.1.2/../../../../nios2-elf/lib/mno-hw-mul\libc.a(lib_a-ctype_.o)
                0x04026934                __ctype_ptr
 .sdata         0x04026938        0x8 c:/altera/12.1sp1/nios2eds/bin/gnu/h-i686-mingw32/bin/../lib/gcc/nios2-elf/4.1.2/../../../../nios2-elf/lib/mno-hw-mul\libc.a(lib_a-locale.o)
                0x04026938                __mb_cur_max
 .sdata         0x04026940       0x14 ../ROVER_bsp/\libucosii_bsp.a(alt_dev.o)
                0x04026940                alt_fs_list
                0x04026948                alt_dev_list
                0x04026950                alt_max_fd
 .sdata         0x04026954        0x4 ../ROVER_bsp/\libucosii_bsp.a(alt_errno.o)
                0x04026954                alt_errno
 .sdata         0x04026958        0x8 ../ROVER_bsp/\libucosii_bsp.a(alt_flash_dev.o)
                0x04026958                alt_flash_dev_list
 .sdata         0x04026960        0x4 ../ROVER_bsp/\libucosii_bsp.a(alt_sbrk.o)
 .sdata         0x04026964        0x8 ../ROVER_bsp/\libucosii_bsp.a(alt_tick.o)
                0x04026964                alt_alarm_list
 .sdata         0x0402696c        0x4 ../ROVER_bsp/\libucosii_bsp.a(alt_env_lock.o)
 .sdata         0x04026970        0x4 ../ROVER_bsp/\libucosii_bsp.a(alt_malloc_lock.o)
 .sdata         0x04026974       0x74 ../ROVER_bsp/\libucosii_bsp.a(os_dbg.o)
                0x04026974                OSDebugEn
                0x04026978                OSEndiannessTest
                0x0402697c                OSEventEn
                0x0402697e                OSEventMax
                0x04026980                OSEventNameSize
                0x04026982                OSEventSize
                0x04026984                OSEventTblSize
                0x04026986                OSEventMultiEn
                0x04026988                OSFlagEn
                0x0402698a                OSFlagGrpSize
                0x0402698c                OSFlagNodeSize
                0x0402698e                OSFlagWidth
                0x04026990                OSFlagMax
                0x04026992                OSFlagNameSize
                0x04026994                OSLowestPrio
                0x04026996                OSMboxEn
                0x04026998                OSMemEn
                0x0402699a                OSMemMax
                0x0402699c                OSMemNameSize
                0x0402699e                OSMemSize
                0x040269a0                OSMemTblSize
                0x040269a2                OSMutexEn
                0x040269a4                OSPtrSize
                0x040269a6                OSQEn
                0x040269a8                OSQMax
                0x040269aa                OSQSize
                0x040269ac                OSRdyTblSize
                0x040269ae                OSSemEn
                0x040269b0                OSStkWidth
                0x040269b2                OSTaskCreateEn
                0x040269b4                OSTaskCreateExtEn
                0x040269b6                OSTaskDelEn
                0x040269b8                OSTaskIdleStkSize
                0x040269ba                OSTaskProfileEn
                0x040269bc                OSTaskMax
                0x040269be                OSTaskNameSize
                0x040269c0                OSTaskStatEn
                0x040269c2                OSTaskStatStkSize
                0x040269c4                OSTaskStatStkChkEn
                0x040269c6                OSTaskSwHookEn
                0x040269c8                OSTCBPrioTblMax
                0x040269ca                OSTCBSize
                0x040269cc                OSTicksPerSec
                0x040269ce                OSTimeTickHookEn
                0x040269d0                OSVersionNbr
                0x040269d2                OSTmrEn
                0x040269d4                OSTmrCfgMax
                0x040269d6                OSTmrCfgNameSize
                0x040269d8                OSTmrCfgWheelSize
                0x040269da                OSTmrCfgTicksPerSec
                0x040269dc                OSTmrSize
                0x040269de                OSTmrTblSize
                0x040269e0                OSTmrWheelSize
                0x040269e2                OSTmrWheelTblSize
                0x040269e4                OSDataSize
 .sdata         0x040269e8        0x4 ../ROVER_bsp/\libucosii_bsp.a(alt_irq_vars.o)
                0x040269e8                alt_priority_mask
 *(.sdata2 .sdata2.* .gnu.linkonce.s2.*)
                0x040269ec                . = ALIGN (0x4)
                0x040269ec                _edata = ABSOLUTE (.)
                0x040269ec                PROVIDE (edata, ABSOLUTE (.))
                0x040269ec                PROVIDE (__ram_rwdata_end, ABSOLUTE (.))
                0x04024c10                PROVIDE (__flash_rwdata_start, LOADADDR (.rwdata))

.bss            0x040269ec     0xf678
                0x040269ec                __bss_start = ABSOLUTE (.)
                0x040269ec                PROVIDE (__sbss_start, ABSOLUTE (.))
                0x040269ec                PROVIDE (___sbss_start, ABSOLUTE (.))
 *(.dynsbss)
 *(.sbss .sbss.* .gnu.linkonce.sb.*)
 .sbss          0x040269ec        0x4 obj/default/main.o
                0x040269ec                bKeyPressed
 .sbss          0x040269f0       0x18 obj/default/map.o
                0x040269f0                oldRightOpening
                0x040269f4                newLeftOpening
                0x040269f8                newRightOpening
                0x040269fc                oldLeftOpening
                0x04026a00                bug
                0x04026a04                counter
 .sbss          0x04026a08       0x44 obj/default/nav.o
                0x04026a08                SYSTEM_STATUS
                0x04026a0c                RIGHT_CLEAR
                0x04026a10                FRONT_VOLT
                0x04026a14                ENCODER_1A
                0x04026a1c                ENCODER_INIT
                0x04026a24                ENCODER_0A
                0x04026a2c                MainQueue
                0x04026a30                LEFT_VOLT
                0x04026a34                MOTOR_0_STATUS
                0x04026a38                TRVL_INDEX
                0x04026a3c                FRONT_CLEAR
                0x04026a40                LEFT_CLEAR
                0x04026a44                MOTOR_1_STATUS
                0x04026a48                RIGHT_VOLT
 .sbss          0x04026a4c        0xc c:/altera/12.1sp1/nios2eds/bin/gnu/h-i686-mingw32/bin/../lib/gcc/nios2-elf/4.1.2/../../../../nios2-elf/lib/mno-hw-mul\libc.a(lib_a-mallocr.o)
                0x04026a4c                __malloc_top_pad
                0x04026a50                __malloc_max_sbrked_mem
                0x04026a54                __malloc_max_total_mem
 .sbss          0x04026a58        0x4 c:/altera/12.1sp1/nios2eds/bin/gnu/h-i686-mingw32/bin/../lib/gcc/nios2-elf/4.1.2/../../../../nios2-elf/lib/mno-hw-mul\libc.a(lib_a-int_errno.o)
                0x04026a58                errno
 .sbss          0x04026a5c        0xc c:/altera/12.1sp1/nios2eds/bin/gnu/h-i686-mingw32/bin/../lib/gcc/nios2-elf/4.1.2/../../../../nios2-elf/lib/mno-hw-mul\libc.a(lib_a-locale.o)
                0x04026a5c                __nlocale_changed
                0x04026a60                __mlocale_changed
                0x04026a64                _PathLocale
 .sbss          0x04026a68        0x4 ../ROVER_bsp/\libucosii_bsp.a(alt_dev.o)
                0x04026a68                alt_fd_list_lock